Archive member included because of file (symbol)

c:/siliconlabs/simplicitystudio/v3/developer/toolchains/gnu_arm/4.8_2013q4/bin/../lib/gcc/arm-none-eabi/4.8.3/../../../../arm-none-eabi/lib/armv7-m\libc.a(lib_a-exit.o)
                              c:/siliconlabs/simplicitystudio/v3/developer/toolchains/gnu_arm/4.8_2013q4/bin/../lib/gcc/arm-none-eabi/4.8.3/../../../../arm-none-eabi/lib/armv7-m/crt0.o (exit)
c:/siliconlabs/simplicitystudio/v3/developer/toolchains/gnu_arm/4.8_2013q4/bin/../lib/gcc/arm-none-eabi/4.8.3/../../../../arm-none-eabi/lib/armv7-m\libc.a(lib_a-impure.o)
                              c:/siliconlabs/simplicitystudio/v3/developer/toolchains/gnu_arm/4.8_2013q4/bin/../lib/gcc/arm-none-eabi/4.8.3/../../../../arm-none-eabi/lib/armv7-m\libc.a(lib_a-exit.o) (_global_impure_ptr)
c:/siliconlabs/simplicitystudio/v3/developer/toolchains/gnu_arm/4.8_2013q4/bin/../lib/gcc/arm-none-eabi/4.8.3/../../../../arm-none-eabi/lib/armv7-m\libc.a(lib_a-init.o)
                              c:/siliconlabs/simplicitystudio/v3/developer/toolchains/gnu_arm/4.8_2013q4/bin/../lib/gcc/arm-none-eabi/4.8.3/../../../../arm-none-eabi/lib/armv7-m/crt0.o (__libc_init_array)
c:/siliconlabs/simplicitystudio/v3/developer/toolchains/gnu_arm/4.8_2013q4/bin/../lib/gcc/arm-none-eabi/4.8.3/../../../../arm-none-eabi/lib/armv7-m\libc.a(lib_a-memset.o)
                              c:/siliconlabs/simplicitystudio/v3/developer/toolchains/gnu_arm/4.8_2013q4/bin/../lib/gcc/arm-none-eabi/4.8.3/../../../../arm-none-eabi/lib/armv7-m/crt0.o (memset)
c:/siliconlabs/simplicitystudio/v3/developer/toolchains/gnu_arm/4.8_2013q4/bin/../lib/gcc/arm-none-eabi/4.8.3/../../../../arm-none-eabi/lib/armv7-m\libc.a(lib_a-__call_atexit.o)
                              c:/siliconlabs/simplicitystudio/v3/developer/toolchains/gnu_arm/4.8_2013q4/bin/../lib/gcc/arm-none-eabi/4.8.3/../../../../arm-none-eabi/lib/armv7-m\libc.a(lib_a-exit.o) (__call_exitprocs)
c:/siliconlabs/simplicitystudio/v3/developer/toolchains/gnu_arm/4.8_2013q4/bin/../lib/gcc/arm-none-eabi/4.8.3/../../../../arm-none-eabi/lib/armv7-m\libc.a(lib_a-atexit.o)
                              c:/siliconlabs/simplicitystudio/v3/developer/toolchains/gnu_arm/4.8_2013q4/bin/../lib/gcc/arm-none-eabi/4.8.3/../../../../arm-none-eabi/lib/armv7-m\libc.a(lib_a-__call_atexit.o) (atexit)
c:/siliconlabs/simplicitystudio/v3/developer/toolchains/gnu_arm/4.8_2013q4/bin/../lib/gcc/arm-none-eabi/4.8.3/../../../../arm-none-eabi/lib/armv7-m\libc.a(lib_a-fini.o)
                              c:/siliconlabs/simplicitystudio/v3/developer/toolchains/gnu_arm/4.8_2013q4/bin/../lib/gcc/arm-none-eabi/4.8.3/../../../../arm-none-eabi/lib/armv7-m\libc.a(lib_a-__call_atexit.o) (__libc_fini_array)
c:/siliconlabs/simplicitystudio/v3/developer/toolchains/gnu_arm/4.8_2013q4/bin/../lib/gcc/arm-none-eabi/4.8.3/../../../../arm-none-eabi/lib/armv7-m\libc.a(lib_a-__atexit.o)
                              c:/siliconlabs/simplicitystudio/v3/developer/toolchains/gnu_arm/4.8_2013q4/bin/../lib/gcc/arm-none-eabi/4.8.3/../../../../arm-none-eabi/lib/armv7-m\libc.a(lib_a-atexit.o) (__register_exitproc)
c:/siliconlabs/simplicitystudio/v3/developer/toolchains/gnu_arm/4.8_2013q4/bin/../lib/gcc/arm-none-eabi/4.8.3/../../../../arm-none-eabi/lib/armv7-m\libnosys.a(_exit.o)
                              c:/siliconlabs/simplicitystudio/v3/developer/toolchains/gnu_arm/4.8_2013q4/bin/../lib/gcc/arm-none-eabi/4.8.3/../../../../arm-none-eabi/lib/armv7-m\libc.a(lib_a-exit.o) (_exit)
c:/siliconlabs/simplicitystudio/v3/developer/toolchains/gnu_arm/4.8_2013q4/bin/../lib/gcc/arm-none-eabi/4.8.3/../../../../arm-none-eabi/lib/armv7-m\libg.a(lib_a-rand.o)
                              gen/jswrapper.o (symbol from plugin) (srand)
c:/siliconlabs/simplicitystudio/v3/developer/toolchains/gnu_arm/4.8_2013q4/bin/../lib/gcc/arm-none-eabi/4.8.3/armv7-m\libgcc.a(_arm_addsubdf3.o)
                              C:\Users\apsyvert\AppData\Local\Temp\cc8fH946.ltrans0.ltrans.o (__aeabi_dsub)
c:/siliconlabs/simplicitystudio/v3/developer/toolchains/gnu_arm/4.8_2013q4/bin/../lib/gcc/arm-none-eabi/4.8.3/armv7-m\libgcc.a(_arm_muldivdf3.o)
                              C:\Users\apsyvert\AppData\Local\Temp\cc8fH946.ltrans0.ltrans.o (__aeabi_dmul)
c:/siliconlabs/simplicitystudio/v3/developer/toolchains/gnu_arm/4.8_2013q4/bin/../lib/gcc/arm-none-eabi/4.8.3/armv7-m\libgcc.a(_arm_cmpdf2.o)
                              C:\Users\apsyvert\AppData\Local\Temp\cc8fH946.ltrans0.ltrans.o (__aeabi_dcmpeq)
c:/siliconlabs/simplicitystudio/v3/developer/toolchains/gnu_arm/4.8_2013q4/bin/../lib/gcc/arm-none-eabi/4.8.3/armv7-m\libgcc.a(_arm_unorddf2.o)
                              C:\Users\apsyvert\AppData\Local\Temp\cc8fH946.ltrans0.ltrans.o (__aeabi_dcmpun)
c:/siliconlabs/simplicitystudio/v3/developer/toolchains/gnu_arm/4.8_2013q4/bin/../lib/gcc/arm-none-eabi/4.8.3/armv7-m\libgcc.a(_arm_fixdfsi.o)
                              C:\Users\apsyvert\AppData\Local\Temp\cc8fH946.ltrans0.ltrans.o (__aeabi_d2iz)
[...]
Memory Configuration

Name             Origin             Length             Attributes
FLASH            0x00000000         0x00100000         xr
RAM              0x20000000         0x00020000         xrw
*default*        0x00000000         0xffffffff

Linker script and memory map

LOAD c:/siliconlabs/simplicitystudio/v3/developer/toolchains/gnu_arm/4.8_2013q4/bin/../lib/gcc/arm-none-eabi/4.8.3/armv7-m/crti.o
LOAD c:/siliconlabs/simplicitystudio/v3/developer/toolchains/gnu_arm/4.8_2013q4/bin/../lib/gcc/arm-none-eabi/4.8.3/armv7-m/crtbegin.o
LOAD c:/siliconlabs/simplicitystudio/v3/developer/toolchains/gnu_arm/4.8_2013q4/bin/../lib/gcc/arm-none-eabi/4.8.3/../../../../arm-none-eabi/lib/armv7-m/crt0.o
START GROUP
LOAD c:/siliconlabs/simplicitystudio/v3/developer/toolchains/gnu_arm/4.8_2013q4/bin/../lib/gcc/arm-none-eabi/4.8.3/armv7-m\libgcc.a
LOAD c:/siliconlabs/simplicitystudio/v3/developer/toolchains/gnu_arm/4.8_2013q4/bin/../lib/gcc/arm-none-eabi/4.8.3/../../../../arm-none-eabi/lib/armv7-m\libc.a
LOAD c:/siliconlabs/simplicitystudio/v3/developer/toolchains/gnu_arm/4.8_2013q4/bin/../lib/gcc/arm-none-eabi/4.8.3/../../../../arm-none-eabi/lib/armv7-m\libnosys.a
END GROUP
LOAD src/jslex.o
LOAD C:\Users\apsyvert\AppData\Local\Temp\cc8fH946.ltrans0.ltrans.o
LOAD C:\Users\apsyvert\AppData\Local\Temp\cc8fH946.ltrans1.ltrans.o
LOAD C:\Users\apsyvert\AppData\Local\Temp\cc8fH946.ltrans2.ltrans.o
LOAD C:\Users\apsyvert\AppData\Local\Temp\cc8fH946.ltrans3.ltrans.o
LOAD C:\Users\apsyvert\AppData\Local\Temp\cc8fH946.ltrans4.ltrans.o
LOAD C:\Users\apsyvert\AppData\Local\Temp\cc8fH946.ltrans5.ltrans.o
LOAD C:\Users\apsyvert\AppData\Local\Temp\cc8fH946.ltrans6.ltrans.o
LOAD C:\Users\apsyvert\AppData\Local\Temp\cc8fH946.ltrans7.ltrans.o
LOAD C:\Users\apsyvert\AppData\Local\Temp\cc8fH946.ltrans8.ltrans.o
LOAD C:\Users\apsyvert\AppData\Local\Temp\cc8fH946.ltrans9.ltrans.o
LOAD C:\Users\apsyvert\AppData\Local\Temp\cc8fH946.ltrans10.ltrans.o
LOAD C:\Users\apsyvert\AppData\Local\Temp\cc8fH946.ltrans11.ltrans.o
LOAD C:\Users\apsyvert\AppData\Local\Temp\cc8fH946.ltrans12.ltrans.o
LOAD C:\Users\apsyvert\AppData\Local\Temp\cc8fH946.ltrans13.ltrans.o
LOAD C:\Users\apsyvert\AppData\Local\Temp\cc8fH946.ltrans14.ltrans.o
LOAD C:\Users\apsyvert\AppData\Local\Temp\cc8fH946.ltrans15.ltrans.o
LOAD C:\Users\apsyvert\AppData\Local\Temp\cc8fH946.ltrans16.ltrans.o
LOAD C:\Users\apsyvert\AppData\Local\Temp\cc8fH946.ltrans17.ltrans.o
LOAD C:\Users\apsyvert\AppData\Local\Temp\cc8fH946.ltrans18.ltrans.o
LOAD C:\Users\apsyvert\AppData\Local\Temp\cc8fH946.ltrans19.ltrans.o
LOAD C:\Users\apsyvert\AppData\Local\Temp\cc8fH946.ltrans20.ltrans.o
LOAD C:\Users\apsyvert\AppData\Local\Temp\cc8fH946.ltrans21.ltrans.o
LOAD C:\Users\apsyvert\AppData\Local\Temp\cc8fH946.ltrans22.ltrans.o
LOAD C:\Users\apsyvert\AppData\Local\Temp\cc8fH946.ltrans23.ltrans.o
LOAD C:\Users\apsyvert\AppData\Local\Temp\cc8fH946.ltrans24.ltrans.o
LOAD C:\Users\apsyvert\AppData\Local\Temp\cc8fH946.ltrans25.ltrans.o
LOAD C:\Users\apsyvert\AppData\Local\Temp\cc8fH946.ltrans26.ltrans.o
LOAD C:\Users\apsyvert\AppData\Local\Temp\cc8fH946.ltrans27.ltrans.o
LOAD C:\Users\apsyvert\AppData\Local\Temp\cc8fH946.ltrans28.ltrans.o
LOAD C:\Users\apsyvert\AppData\Local\Temp\cc8fH946.ltrans29.ltrans.o
LOAD C:\Users\apsyvert\AppData\Local\Temp\cc8fH946.ltrans30.ltrans.o
LOAD c:/siliconlabs/simplicitystudio/v3/developer/toolchains/gnu_arm/4.8_2013q4/bin/../lib/gcc/arm-none-eabi/4.8.3/armv7-m\libgcc.a
LOAD c:/siliconlabs/simplicitystudio/v3/developer/toolchains/gnu_arm/4.8_2013q4/bin/../lib/gcc/arm-none-eabi/4.8.3/../../../../arm-none-eabi/lib/armv7-m\libg.a
LOAD c:/siliconlabs/simplicitystudio/v3/developer/toolchains/gnu_arm/4.8_2013q4/bin/../lib/gcc/arm-none-eabi/4.8.3/../../../../arm-none-eabi/lib/armv7-m\libc.a
LOAD src/jsvar.o
LOAD src/jsvariterator.o
LOAD src/jsutils.o
LOAD src/jsnative.o
LOAD src/jsparse.o
LOAD src/jspin.o
LOAD src/jsinteractive.o
LOAD src/jsdevices.o
LOAD src/jstimer.o
LOAD src/jsspi.o
LOAD gen/jswrapper.o
LOAD libs/compression/heatshrink/heatshrink_encoder.o
LOAD libs/compression/heatshrink/heatshrink_decoder.o
LOAD libs/compression/compress_heatshrink.o
LOAD libs/math/acosh.o
LOAD libs/math/asin.o
LOAD libs/math/asinh.o
LOAD libs/math/atan.o
LOAD libs/math/atanh.o
LOAD libs/math/cbrt.o
LOAD libs/math/chbevl.o
LOAD libs/math/clog.o
LOAD libs/math/cmplx.o
LOAD libs/math/const.o
LOAD libs/math/cosh.o
LOAD libs/math/drand.o
LOAD libs/math/exp10.o
LOAD libs/math/exp2.o
LOAD libs/math/exp.o
LOAD libs/math/fabs.o
LOAD libs/math/floor.o
LOAD libs/math/isnan.o
LOAD libs/math/log10.o
LOAD libs/math/log2.o
LOAD libs/math/log.o
LOAD libs/math/mtherr.o
LOAD libs/math/polevl.o
LOAD libs/math/pow.o
LOAD libs/math/powi.o
LOAD libs/math/round.o
LOAD libs/math/setprec.o
LOAD libs/math/sin.o
LOAD libs/math/sincos.o
LOAD libs/math/sindg.o
LOAD libs/math/sinh.o
LOAD libs/math/sqrt.o
LOAD libs/math/tan.o
LOAD libs/math/tandg.o
LOAD libs/math/tanh.o
LOAD libs/math/unity.o
LOAD targets/efm32/main.o
LOAD targets/efm32/jshardware.o
LOAD c:/Users/apsyvert/Documents/work/github/Espruino_SL/Espruino/targetlibs/Gecko_SDK/Device/SiliconLabs/EFM32GG/Source/GCC/startup_efm32gg.o
LOAD c:/Users/apsyvert/Documents/work/github/Espruino_SL/Espruino/targetlibs/Gecko_SDK/Device/SiliconLabs/EFM32GG/Source/system_efm32gg.o
LOAD c:/Users/apsyvert/Documents/work/github/Espruino_SL/Espruino/targetlibs/Gecko_SDK/emlib/src/em_gpio.o
LOAD c:/Users/apsyvert/Documents/work/github/Espruino_SL/Espruino/targetlibs/Gecko_SDK/emlib/src/em_cmu.o
LOAD c:/Users/apsyvert/Documents/work/github/Espruino_SL/Espruino/targetlibs/Gecko_SDK/emlib/src/em_assert.o
LOAD c:/Users/apsyvert/Documents/work/github/Espruino_SL/Espruino/targetlibs/Gecko_SDK/emlib/src/em_emu.o
LOAD c:/Users/apsyvert/Documents/work/github/Espruino_SL/Espruino/targetlibs/Gecko_SDK/emlib/src/em_msc.o
LOAD c:/Users/apsyvert/Documents/work/github/Espruino_SL/Espruino/targetlibs/Gecko_SDK/emlib/src/em_rtc.o
LOAD c:/Users/apsyvert/Documents/work/github/Espruino_SL/Espruino/targetlibs/Gecko_SDK/emlib/src/em_int.o
LOAD c:/Users/apsyvert/Documents/work/github/Espruino_SL/Espruino/targetlibs/Gecko_SDK/emlib/src/em_system.o
LOAD c:/Users/apsyvert/Documents/work/github/Espruino_SL/Espruino/targetlibs/Gecko_SDK/emlib/src/em_timer.o
LOAD c:/Users/apsyvert/Documents/work/github/Espruino_SL/Espruino/targetlibs/Gecko_SDK/emlib/src/em_usart.o
LOAD c:/Users/apsyvert/Documents/work/github/Espruino_SL/Espruino/targetlibs/Gecko_SDK/emdrv/gpiointerrupt/src/gpiointerrupt.o
LOAD c:/Users/apsyvert/Documents/work/github/Espruino_SL/Espruino/targetlibs/Gecko_SDK/emdrv/rtcdrv/src/rtcdriver.o
LOAD c:/Users/apsyvert/Documents/work/github/Espruino_SL/Espruino/targetlibs/Gecko_SDK/emdrv/nvm/src/nvm_hal.o
LOAD c:/Users/apsyvert/Documents/work/github/Espruino_SL/Espruino/gen/jspininfo.o
LOAD src/jswrap_array.o
LOAD src/jswrap_arraybuffer.o
LOAD src/jswrap_date.o
LOAD src/jswrap_error.o
LOAD src/jswrap_espruino.o
LOAD src/jswrap_flash.o
LOAD src/jswrap_functions.o
LOAD src/jswrap_interactive.o
LOAD src/jswrap_io.o
LOAD src/jswrap_json.o
LOAD src/jswrap_modules.o
LOAD src/jswrap_pin.o
LOAD src/jswrap_number.o
LOAD src/jswrap_object.o
LOAD src/jswrap_onewire.o
LOAD src/jswrap_pipe.o
LOAD src/jswrap_process.o
LOAD src/jswrap_serial.o
LOAD src/jswrap_spi_i2c.o
LOAD src/jswrap_stream.o
LOAD src/jswrap_string.o
LOAD src/jswrap_waveform.o
LOAD libs/math/jswrap_math.o
START GROUP
LOAD c:/siliconlabs/simplicitystudio/v3/developer/toolchains/gnu_arm/4.8_2013q4/bin/../lib/gcc/arm-none-eabi/4.8.3/armv7-m\libgcc.a
LOAD c:/siliconlabs/simplicitystudio/v3/developer/toolchains/gnu_arm/4.8_2013q4/bin/../lib/gcc/arm-none-eabi/4.8.3/../../../../arm-none-eabi/lib/armv7-m\libg.a
LOAD c:/siliconlabs/simplicitystudio/v3/developer/toolchains/gnu_arm/4.8_2013q4/bin/../lib/gcc/arm-none-eabi/4.8.3/../../../../arm-none-eabi/lib/armv7-m\libc.a
END GROUP
LOAD c:/siliconlabs/simplicitystudio/v3/developer/toolchains/gnu_arm/4.8_2013q4/bin/../lib/gcc/arm-none-eabi/4.8.3/armv7-m/crtend.o
LOAD c:/siliconlabs/simplicitystudio/v3/developer/toolchains/gnu_arm/4.8_2013q4/bin/../lib/gcc/arm-none-eabi/4.8.3/armv7-m/crtn.o

.text           0x00000000    0x38fb4
 *(.vectors)
 .vectors       0x00000000       0xdc C:\Users\apsyvert\AppData\Local\Temp\cc8fH946.ltrans0.ltrans.o
                0x000000dc                __Vectors_End = .
                0x000000dc                __Vectors_Size = (__Vectors_End - __Vectors)
                0x000000dc                __end__ = .
 *(.text*)
 .text          0x000000dc       0x54 c:/siliconlabs/simplicitystudio/v3/developer/toolchains/gnu_arm/4.8_2013q4/bin/../lib/gcc/arm-none-eabi/4.8.3/armv7-m/crtbegin.o
 .text          0x00000130       0x74 c:/siliconlabs/simplicitystudio/v3/developer/toolchains/gnu_arm/4.8_2013q4/bin/../lib/gcc/arm-none-eabi/4.8.3/../../../../arm-none-eabi/lib/armv7-m/crt0.o
                0x00000130                _start
                0x00000130                _mainCRTStartup
 .text.exit     0x000001a4       0x20 c:/siliconlabs/simplicitystudio/v3/developer/toolchains/gnu_arm/4.8_2013q4/bin/../lib/gcc/arm-none-eabi/4.8.3/../../../../arm-none-eabi/lib/armv7-m\libc.a(lib_a-exit.o)
                0x000001a4                exit
 .text.__libc_init_array
                0x000001c4       0x50 c:/siliconlabs/simplicitystudio/v3/developer/toolchains/gnu_arm/4.8_2013q4/bin/../lib/gcc/arm-none-eabi/4.8.3/../../../../arm-none-eabi/lib/armv7-m\libc.a(lib_a-init.o)
                0x000001c4                __libc_init_array
 .text.memset   0x00000214       0x94 c:/siliconlabs/simplicitystudio/v3/developer/toolchains/gnu_arm/4.8_2013q4/bin/../lib/gcc/arm-none-eabi/4.8.3/../../../../arm-none-eabi/lib/armv7-m\libc.a(lib_a-memset.o)
                0x00000214                memset
 .text.startup.register_fini
                0x000002a8       0x14 c:/siliconlabs/simplicitystudio/v3/developer/toolchains/gnu_arm/4.8_2013q4/bin/../lib/gcc/arm-none-eabi/4.8.3/../../../../arm-none-eabi/lib/armv7-m\libc.a(lib_a-__call_atexit.o)
 .text.__call_exitprocs
                0x000002bc       0xf0 c:/siliconlabs/simplicitystudio/v3/developer/toolchains/gnu_arm/4.8_2013q4/bin/../lib/gcc/arm-none-eabi/4.8.3/../../../../arm-none-eabi/lib/armv7-m\libc.a(lib_a-__call_atexit.o)
                0x000002bc                __call_exitprocs
 .text.atexit   0x000003ac        0xc c:/siliconlabs/simplicitystudio/v3/developer/toolchains/gnu_arm/4.8_2013q4/bin/../lib/gcc/arm-none-eabi/4.8.3/../../../../arm-none-eabi/lib/armv7-m\libc.a(lib_a-atexit.o)
                0x000003ac                atexit
 .text.__libc_fini_array
                0x000003b8       0x30 c:/siliconlabs/simplicitystudio/v3/developer/toolchains/gnu_arm/4.8_2013q4/bin/../lib/gcc/arm-none-eabi/4.8.3/../../../../arm-none-eabi/lib/armv7-m\libc.a(lib_a-fini.o)
                0x000003b8                __libc_fini_array
 .text.__register_exitproc
                0x000003e8       0xa8 c:/siliconlabs/simplicitystudio/v3/developer/toolchains/gnu_arm/4.8_2013q4/bin/../lib/gcc/arm-none-eabi/4.8.3/../../../../arm-none-eabi/lib/armv7-m\libc.a(lib_a-__atexit.o)
                0x000003e8                __register_exitproc
 .text._exit    0x00000490        0x4 c:/siliconlabs/simplicitystudio/v3/developer/toolchains/gnu_arm/4.8_2013q4/bin/../lib/gcc/arm-none-eabi/4.8.3/../../../../arm-none-eabi/lib/armv7-m\libnosys.a(_exit.o)
                0x00000490                _exit
 .text.jsvObjectIteratorNew.16940.4253
                0x00000494       0x7c C:\Users\apsyvert\AppData\Local\Temp\cc8fH946.ltrans0.ltrans.o
 .text.jsvObjectIteratorGetValue.16944.4250
                0x00000510       0x28 C:\Users\apsyvert\AppData\Local\Temp\cc8fH946.ltrans0.ltrans.o
 .text.jsvObjectIteratorHasValue.16932.4247
                0x00000538       0x24 C:\Users\apsyvert\AppData\Local\Temp\cc8fH946.ltrans0.ltrans.o
 .text.jsvObjectIteratorNext.16950.4244
                0x0000055c       0x48 C:\Users\apsyvert\AppData\Local\Temp\cc8fH946.ltrans0.ltrans.o
 .text.jsvObjectIteratorFree.16953.4241
                0x000005a4       0x18 C:\Users\apsyvert\AppData\Local\Temp\cc8fH946.ltrans0.ltrans.o
 .text.jswrap_string_constructor
                0x000005bc       0x38 C:\Users\apsyvert\AppData\Local\Temp\cc8fH946.ltrans0.ltrans.o
                0x000005bc                jswrap_string_constructor
 .text.jswrap_string_fromCharCode
                0x000005f4       0xa0 C:\Users\apsyvert\AppData\Local\Temp\cc8fH946.ltrans0.ltrans.o
                0x000005f4                jswrap_string_fromCharCode
 .text.jswrap_string_charAt
                0x00000694       0x78 C:\Users\apsyvert\AppData\Local\Temp\cc8fH946.ltrans0.ltrans.o
                0x00000694                jswrap_string_charAt
 .text.jswrap_string_charCodeAt
                0x0000070c       0x20 C:\Users\apsyvert\AppData\Local\Temp\cc8fH946.ltrans0.ltrans.o
                0x0000070c                jswrap_string_charCodeAt
 .text.jswrap_string_indexOf
                0x0000072c      0x138 C:\Users\apsyvert\AppData\Local\Temp\cc8fH946.ltrans0.ltrans.o
                0x0000072c                jswrap_string_indexOf
 .text.jswrap_string_replace
                0x00000864       0x90 C:\Users\apsyvert\AppData\Local\Temp\cc8fH946.ltrans0.ltrans.o
                0x00000864                jswrap_string_replace
 .text.jswrap_string_substring
                0x000008f4       0x7c C:\Users\apsyvert\AppData\Local\Temp\cc8fH946.ltrans0.ltrans.o
                0x000008f4                jswrap_string_substring
 .text.jswrap_string_substr
                0x00000970       0x78 C:\Users\apsyvert\AppData\Local\Temp\cc8fH946.ltrans0.ltrans.o
                0x00000970                jswrap_string_substr
 .text.jswrap_string_slice
                0x000009e8       0x98 C:\Users\apsyvert\AppData\Local\Temp\cc8fH946.ltrans0.ltrans.o
                0x000009e8                jswrap_string_slice
 .text.jswrap_string_split
                0x00000a80      0x10c C:\Users\apsyvert\AppData\Local\Temp\cc8fH946.ltrans0.ltrans.o
                0x00000a80                jswrap_string_split
 .text.jswrap_string_toUpperLowerCase
                0x00000b8c       0xd4 C:\Users\apsyvert\AppData\Local\Temp\cc8fH946.ltrans0.ltrans.o
                0x00000b8c                jswrap_string_toUpperLowerCase
 .text.jswrap_string_trim
                0x00000c60       0xd4 C:\Users\apsyvert\AppData\Local\Temp\cc8fH946.ltrans0.ltrans.o
                0x00000c60                jswrap_string_trim
 .text.jsvGetFirstChild.17059.4186
                0x00000d34       0x18 C:\Users\apsyvert\AppData\Local\Temp\cc8fH946.ltrans0.ltrans.o
 .text.jsvGetNextSibling.17109.4183
                0x00000d4c       0x18 C:\Users\apsyvert\AppData\Local\Temp\cc8fH946.ltrans0.ltrans.o
 .text._jsvGetIntegerAndUnLock.17135.4180
                0x00000d64       0x20 C:\Users\apsyvert\AppData\Local\Temp\cc8fH946.ltrans0.ltrans.o
 .text._jsvGetFloatAndUnLock.17142.4177
                0x00000d84       0x28 C:\Users\apsyvert\AppData\Local\Temp\cc8fH946.ltrans0.ltrans.o
 .text._jsvGetBoolAndUnLock.17132.4174
                0x00000dac       0x24 C:\Users\apsyvert\AppData\Local\Temp\cc8fH946.ltrans0.ltrans.o
 .text.jsvObjectIteratorNew.17122.4170
                0x00000dd0       0x7c C:\Users\apsyvert\AppData\Local\Temp\cc8fH946.ltrans0.ltrans.o
 .text.jsvObjectIteratorGetValue.17129.4167
                0x00000e4c       0x28 C:\Users\apsyvert\AppData\Local\Temp\cc8fH946.ltrans0.ltrans.o
 .text.jsvObjectIteratorHasValue.17112.4164
                0x00000e74       0x24 C:\Users\apsyvert\AppData\Local\Temp\cc8fH946.ltrans0.ltrans.o
 .text.jsvObjectIteratorNext.17126.4161
                0x00000e98       0x48 C:\Users\apsyvert\AppData\Local\Temp\cc8fH946.ltrans0.ltrans.o
 .text.jsvObjectIteratorRemoveAndGotoNext.17138.4157
                0x00000ee0       0x54 C:\Users\apsyvert\AppData\Local\Temp\cc8fH946.ltrans0.ltrans.o
 .text.jsvObjectIteratorFree.17119.4154
                0x00000f34       0x18 C:\Users\apsyvert\AppData\Local\Temp\cc8fH946.ltrans0.ltrans.o
 .text.jswrap_waveform_getBuffer.17145.4149
                0x00000f4c       0x78 C:\Users\apsyvert\AppData\Local\Temp\cc8fH946.ltrans0.ltrans.o
 .text.jswrap_waveform_idle
                0x00000fc4      0x1c4 C:\Users\apsyvert\AppData\Local\Temp\cc8fH946.ltrans0.ltrans.o
                0x00000fc4                jswrap_waveform_idle
 .text.jswrap_waveform_kill
                0x00001188       0xbc C:\Users\apsyvert\AppData\Local\Temp\cc8fH946.ltrans0.ltrans.o
                0x00001188                jswrap_waveform_kill
 .text.jswrap_waveform_constructor
                0x00001244      0x148 C:\Users\apsyvert\AppData\Local\Temp\cc8fH946.ltrans0.ltrans.o
                0x00001244                jswrap_waveform_constructor
 *fill*         0x0000138c        0x4 
 .text.jswrap_waveform_start.17158.4134
                0x00001390      0x268 C:\Users\apsyvert\AppData\Local\Temp\cc8fH946.ltrans0.ltrans.o
 .text.jswrap_waveform_startOutput
                0x000015f8       0x2c C:\Users\apsyvert\AppData\Local\Temp\cc8fH946.ltrans0.ltrans.o
                0x000015f8                jswrap_waveform_startOutput
 .text.jswrap_waveform_startInput
                0x00001624       0x50 C:\Users\apsyvert\AppData\Local\Temp\cc8fH946.ltrans0.ltrans.o
                0x00001624                jswrap_waveform_startInput
 .text.jswrap_waveform_stop
                0x00001674       0x78 C:\Users\apsyvert\AppData\Local\Temp\cc8fH946.ltrans0.ltrans.o
                0x00001674                jswrap_waveform_stop
 .text.jsvGetFirstChild.17302.4114
                0x000016ec       0x18 C:\Users\apsyvert\AppData\Local\Temp\cc8fH946.ltrans0.ltrans.o
 .text.jsvGetNextSibling.17352.4111
                0x00001704       0x18 C:\Users\apsyvert\AppData\Local\Temp\cc8fH946.ltrans0.ltrans.o
 .text._jsvGetFloatAndUnLock.17369.4108
                0x0000171c       0x28 C:\Users\apsyvert\AppData\Local\Temp\cc8fH946.ltrans0.ltrans.o
 .text.jsvObjectIteratorNew.17362.4104
                0x00001744       0x7c C:\Users\apsyvert\AppData\Local\Temp\cc8fH946.ltrans0.ltrans.o
 .text.jsvObjectIteratorGetValue.17366.4101
                0x000017c0       0x28 C:\Users\apsyvert\AppData\Local\Temp\cc8fH946.ltrans0.ltrans.o
 .text.jsvObjectIteratorHasValue.17355.4098
                0x000017e8       0x24 C:\Users\apsyvert\AppData\Local\Temp\cc8fH946.ltrans0.ltrans.o
 .text.jsvObjectIteratorNext.17372.4095
                0x0000180c       0x48 C:\Users\apsyvert\AppData\Local\Temp\cc8fH946.ltrans0.ltrans.o
 .text.jsvObjectIteratorFree.17375.4088
                0x00001854       0x18 C:\Users\apsyvert\AppData\Local\Temp\cc8fH946.ltrans0.ltrans.o
 .text.isNegativeZero.17378.4085
                0x0000186c       0x40 C:\Users\apsyvert\AppData\Local\Temp\cc8fH946.ltrans0.ltrans.o
 .text.jswrap_math_abs
                0x000018ac       0x3c C:\Users\apsyvert\AppData\Local\Temp\cc8fH946.ltrans0.ltrans.o
                0x000018ac                jswrap_math_abs
 .text.jswrap_math_mod
                0x000018e8      0x188 C:\Users\apsyvert\AppData\Local\Temp\cc8fH946.ltrans0.ltrans.o
                0x000018e8                jswrap_math_mod
 .text.jswrap_math_pow
                0x00001a70      0x1d0 C:\Users\apsyvert\AppData\Local\Temp\cc8fH946.ltrans0.ltrans.o
                0x00001a70                jswrap_math_pow
 .text.jswrap_math_round
                0x00001c40       0xc0 C:\Users\apsyvert\AppData\Local\Temp\cc8fH946.ltrans0.ltrans.o
                0x00001c40                jswrap_math_round
 .text.jswrap_math_sqrt
                0x00001d00       0x70 C:\Users\apsyvert\AppData\Local\Temp\cc8fH946.ltrans0.ltrans.o
                0x00001d00                jswrap_math_sqrt
 .text.jswrap_math_clip
                0x00001d70       0x50 C:\Users\apsyvert\AppData\Local\Temp\cc8fH946.ltrans0.ltrans.o
                0x00001d70                jswrap_math_clip
 .text.jswrap_math_minmax
                0x00001dc0       0xf8 C:\Users\apsyvert\AppData\Local\Temp\cc8fH946.ltrans0.ltrans.o
                0x00001dc0                jswrap_math_minmax
 .text.handlePipe.16152.4294
                0x00001eb8      0x1e0 C:\Users\apsyvert\AppData\Local\Temp\cc8fH946.ltrans1.ltrans.o
 .text.jswrap_pipe_idle
                0x00002098       0x80 C:\Users\apsyvert\AppData\Local\Temp\cc8fH946.ltrans1.ltrans.o
                0x00002098                jswrap_pipe_idle
 .text.jswrap_pipe_kill
                0x00002118       0x28 C:\Users\apsyvert\AppData\Local\Temp\cc8fH946.ltrans1.ltrans.o
                0x00002118                jswrap_pipe_kill
 .text.jswrap_pipe_drain_listener.16144.4280
                0x00002140       0xa8 C:\Users\apsyvert\AppData\Local\Temp\cc8fH946.ltrans1.ltrans.o
 .text.jswrap_pipe_close_listener.16161.4286
                0x000021e8       0xa0 C:\Users\apsyvert\AppData\Local\Temp\cc8fH946.ltrans1.ltrans.o
 .text.jswrap_pipe_src_close_listener.16165.4277
                0x00002288       0x1c C:\Users\apsyvert\AppData\Local\Temp\cc8fH946.ltrans1.ltrans.o
 .text.jswrap_pipe_dst_close_listener.16168.4283
                0x000022a4       0x1c C:\Users\apsyvert\AppData\Local\Temp\cc8fH946.ltrans1.ltrans.o
 .text.jswrap_pipe
                0x000022c0      0x230 C:\Users\apsyvert\AppData\Local\Temp\cc8fH946.ltrans1.ltrans.o
                0x000022c0                jswrap_pipe
 .text.jswrap_process_env
                0x000024f0      0x1a0 C:\Users\apsyvert\AppData\Local\Temp\cc8fH946.ltrans1.ltrans.o
                0x000024f0                jswrap_process_env
 .text.jswrap_process_memory
                0x00002690      0x144 C:\Users\apsyvert\AppData\Local\Temp\cc8fH946.ltrans1.ltrans.o
                0x00002690                jswrap_process_memory
 .text.jshUSARTInitInfo.16388.4252
                0x000027d4       0x58 C:\Users\apsyvert\AppData\Local\Temp\cc8fH946.ltrans1.ltrans.o
 .text.jswrap_serial_setup
                0x0000282c      0x2dc C:\Users\apsyvert\AppData\Local\Temp\cc8fH946.ltrans1.ltrans.o
                0x0000282c                jswrap_serial_setup
 .text._jswrap_serial_print_cb.16404.4243
                0x00002b08       0x24 C:\Users\apsyvert\AppData\Local\Temp\cc8fH946.ltrans1.ltrans.o
 .text._jswrap_serial_print.4237
                0x00002b2c       0x7c C:\Users\apsyvert\AppData\Local\Temp\cc8fH946.ltrans1.ltrans.o
 .text.jswrap_serial_print
                0x00002ba8       0x1c C:\Users\apsyvert\AppData\Local\Temp\cc8fH946.ltrans1.ltrans.o
                0x00002ba8                jswrap_serial_print
 .text.jswrap_serial_println
                0x00002bc4       0x1c C:\Users\apsyvert\AppData\Local\Temp\cc8fH946.ltrans1.ltrans.o
                0x00002bc4                jswrap_serial_println
 .text.jswrap_serial_write
                0x00002be0       0x1c C:\Users\apsyvert\AppData\Local\Temp\cc8fH946.ltrans1.ltrans.o
                0x00002be0                jswrap_serial_write
 .text.jswrap_serial_onData
                0x00002bfc       0x1c C:\Users\apsyvert\AppData\Local\Temp\cc8fH946.ltrans1.ltrans.o
                0x00002bfc                jswrap_serial_onData
 .text.jsvNewFromEmptyString.16597.4218
                0x00002c18       0x18 C:\Users\apsyvert\AppData\Local\Temp\cc8fH946.ltrans1.ltrans.o
 .text._jsvGetIntegerAndUnLock.16623.4215
                0x00002c30       0x20 C:\Users\apsyvert\AppData\Local\Temp\cc8fH946.ltrans1.ltrans.o
 .text._jsvGetBoolAndUnLock.16626.4212
                0x00002c50       0x24 C:\Users\apsyvert\AppData\Local\Temp\cc8fH946.ltrans1.ltrans.o
 .text.jshSPIInitInfo.16512.4209
                0x00002c74       0x54 C:\Users\apsyvert\AppData\Local\Temp\cc8fH946.ltrans1.ltrans.o
 .text.jshI2CInitInfo.16529.4200
                0x00002cc8       0x38 C:\Users\apsyvert\AppData\Local\Temp\cc8fH946.ltrans1.ltrans.o
 .text.jsvStringIteratorGetChar.16537.4197
                0x00002d00       0x2c C:\Users\apsyvert\AppData\Local\Temp\cc8fH946.ltrans1.ltrans.o
 .text.jsvStringIteratorHasChar.16594.4194
                0x00002d2c       0x28 C:\Users\apsyvert\AppData\Local\Temp\cc8fH946.ltrans1.ltrans.o
 .text.jsvStringIteratorFree.16599.4191
                0x00002d54       0x18 C:\Users\apsyvert\AppData\Local\Temp\cc8fH946.ltrans1.ltrans.o
 .text.jswrap_spi_constructor
                0x00002d6c       0x10 C:\Users\apsyvert\AppData\Local\Temp\cc8fH946.ltrans1.ltrans.o
                0x00002d6c                jswrap_spi_constructor
 .text.jswrap_spi_setup
                0x00002d7c       0xac C:\Users\apsyvert\AppData\Local\Temp\cc8fH946.ltrans1.ltrans.o
                0x00002d7c                jswrap_spi_setup
 .text.jswrap_spi_send_cb.4152
                0x00002e28       0x5c C:\Users\apsyvert\AppData\Local\Temp\cc8fH946.ltrans1.ltrans.o
 .text.jswrap_spi_send
                0x00002e84      0x250 C:\Users\apsyvert\AppData\Local\Temp\cc8fH946.ltrans1.ltrans.o
                0x00002e84                jswrap_spi_send
 .text.jswrap_spi_write
                0x000030d4       0xfc C:\Users\apsyvert\AppData\Local\Temp\cc8fH946.ltrans1.ltrans.o
                0x000030d4                jswrap_spi_write
 .text.jswrap_spi_send4bit
                0x000031d0      0x18c C:\Users\apsyvert\AppData\Local\Temp\cc8fH946.ltrans1.ltrans.o
                0x000031d0                jswrap_spi_send4bit
 .text.jswrap_spi_send8bit
                0x0000335c      0x188 C:\Users\apsyvert\AppData\Local\Temp\cc8fH946.ltrans1.ltrans.o
                0x0000335c                jswrap_spi_send8bit
 .text.jswrap_i2c_setup
                0x000034e4       0xc0 C:\Users\apsyvert\AppData\Local\Temp\cc8fH946.ltrans1.ltrans.o
                0x000034e4                jswrap_i2c_setup
 .text.i2c_get_address.16662.4119
                0x000035a4       0x6c C:\Users\apsyvert\AppData\Local\Temp\cc8fH946.ltrans1.ltrans.o
 .text.jswrap_i2c_writeTo
                0x00003610       0xd4 C:\Users\apsyvert\AppData\Local\Temp\cc8fH946.ltrans1.ltrans.o
                0x00003610                jswrap_i2c_writeTo
 .text.jswrap_i2c_readFrom
                0x000036e4      0x100 C:\Users\apsyvert\AppData\Local\Temp\cc8fH946.ltrans1.ltrans.o
                0x000036e4                jswrap_i2c_readFrom
 .text.jsvNewFromEmptyString.16773.4106
                0x000037e4       0x18 C:\Users\apsyvert\AppData\Local\Temp\cc8fH946.ltrans1.ltrans.o
 .text.jswrap_stream_available
                0x000037fc       0x58 C:\Users\apsyvert\AppData\Local\Temp\cc8fH946.ltrans1.ltrans.o
                0x000037fc                jswrap_stream_available
 .text.jswrap_stream_read
                0x00003854       0xa8 C:\Users\apsyvert\AppData\Local\Temp\cc8fH946.ltrans1.ltrans.o
                0x00003854                jswrap_stream_read
 .text.jswrap_stream_pushData
                0x000038fc      0x158 C:\Users\apsyvert\AppData\Local\Temp\cc8fH946.ltrans1.ltrans.o
                0x000038fc                jswrap_stream_pushData
 .text.isWhitespace.16858
                0x00003a54       0x4c C:\Users\apsyvert\AppData\Local\Temp\cc8fH946.ltrans1.ltrans.o
                0x00003a54                isWhitespace.16858
 .text.jsvGetFirstChild.16864
                0x00003aa0       0x18 C:\Users\apsyvert\AppData\Local\Temp\cc8fH946.ltrans1.ltrans.o
                0x00003aa0                jsvGetFirstChild.16864
 .text.jsvGetNextSibling.16912
                0x00003ab8       0x18 C:\Users\apsyvert\AppData\Local\Temp\cc8fH946.ltrans1.ltrans.o
                0x00003ab8                jsvGetNextSibling.16912
 .text.jsvNewFromEmptyString.16938
                0x00003ad0       0x18 C:\Users\apsyvert\AppData\Local\Temp\cc8fH946.ltrans1.ltrans.o
                0x00003ad0                jsvNewFromEmptyString.16938
 .text._jsvGetIntegerAndUnLock.16947
                0x00003ae8       0x20 C:\Users\apsyvert\AppData\Local\Temp\cc8fH946.ltrans1.ltrans.o
                0x00003ae8                _jsvGetIntegerAndUnLock.16947
 .text.jsvStringIteratorGetChar.16915
                0x00003b08       0x2c C:\Users\apsyvert\AppData\Local\Temp\cc8fH946.ltrans1.ltrans.o
                0x00003b08                jsvStringIteratorGetChar.16915
 .text.jsvStringIteratorHasChar.16926
                0x00003b34       0x28 C:\Users\apsyvert\AppData\Local\Temp\cc8fH946.ltrans1.ltrans.o
                0x00003b34                jsvStringIteratorHasChar.16926
 .text.jsvStringIteratorGetIndex.16929
                0x00003b5c       0x20 C:\Users\apsyvert\AppData\Local\Temp\cc8fH946.ltrans1.ltrans.o
                0x00003b5c                jsvStringIteratorGetIndex.16929
 .text.jsvStringIteratorFree.16956
                0x00003b7c       0x18 C:\Users\apsyvert\AppData\Local\Temp\cc8fH946.ltrans1.ltrans.o
                0x00003b7c                jsvStringIteratorFree.16956
 .text.jswrap_object_on
                0x00003b94      0x164 C:\Users\apsyvert\AppData\Local\Temp\cc8fH946.ltrans2.ltrans.o
                0x00003b94                jswrap_object_on
 .text.jswrap_object_emit
                0x00003cf8      0x158 C:\Users\apsyvert\AppData\Local\Temp\cc8fH946.ltrans2.ltrans.o
                0x00003cf8                jswrap_object_emit
 .text.jswrap_object_removeAllListeners
                0x00003e50       0xf0 C:\Users\apsyvert\AppData\Local\Temp\cc8fH946.ltrans2.ltrans.o
                0x00003e50                jswrap_object_removeAllListeners
 .text.jswrap_object_removeAllListeners_cstr.4175
                0x00003f40       0x2c C:\Users\apsyvert\AppData\Local\Temp\cc8fH946.ltrans2.ltrans.o
 .text.jswrap_function_replaceWith
                0x00003f6c       0xcc C:\Users\apsyvert\AppData\Local\Temp\cc8fH946.ltrans2.ltrans.o
                0x00003f6c                jswrap_function_replaceWith
 .text.jswrap_function_apply_or_call
                0x00004038      0x158 C:\Users\apsyvert\AppData\Local\Temp\cc8fH946.ltrans2.ltrans.o
                0x00004038                jswrap_function_apply_or_call
 .text.jswrap_function_bind
                0x00004190      0x280 C:\Users\apsyvert\AppData\Local\Temp\cc8fH946.ltrans2.ltrans.o
                0x00004190                jswrap_function_bind
 .text.jsvStringIteratorGetChar.15900.4157
                0x00004410       0x2c C:\Users\apsyvert\AppData\Local\Temp\cc8fH946.ltrans2.ltrans.o
 .text.jsvStringIteratorFree.15958.4146
                0x0000443c       0x18 C:\Users\apsyvert\AppData\Local\Temp\cc8fH946.ltrans2.ltrans.o
 .text.onewire_getpin.15961.4143
                0x00004454       0x28 C:\Users\apsyvert\AppData\Local\Temp\cc8fH946.ltrans2.ltrans.o
 .text.OneWireReset.15965.4140
                0x0000447c       0x6c C:\Users\apsyvert\AppData\Local\Temp\cc8fH946.ltrans2.ltrans.o
 .text.OneWireRead.15969.4136
                0x000044e8       0x80 C:\Users\apsyvert\AppData\Local\Temp\cc8fH946.ltrans2.ltrans.o
 .text.OneWireWrite.15973.4131
                0x00004568       0xb0 C:\Users\apsyvert\AppData\Local\Temp\cc8fH946.ltrans2.ltrans.o
 .text.jswrap_onewire_constructor
                0x00004618       0x44 C:\Users\apsyvert\AppData\Local\Temp\cc8fH946.ltrans2.ltrans.o
                0x00004618                jswrap_onewire_constructor
 .text.jswrap_onewire_reset
                0x0000465c       0x3c C:\Users\apsyvert\AppData\Local\Temp\cc8fH946.ltrans2.ltrans.o
                0x0000465c                jswrap_onewire_reset
 .text.jswrap_onewire_select
                0x00004698      0x138 C:\Users\apsyvert\AppData\Local\Temp\cc8fH946.ltrans2.ltrans.o
                0x00004698                jswrap_onewire_select
 .text.jswrap_onewire_skip
                0x000047d0       0x40 C:\Users\apsyvert\AppData\Local\Temp\cc8fH946.ltrans2.ltrans.o
                0x000047d0                jswrap_onewire_skip
 .text._jswrap_onewire_write_cb.4113
                0x00004810       0x24 C:\Users\apsyvert\AppData\Local\Temp\cc8fH946.ltrans2.ltrans.o
 .text.jswrap_onewire_write
                0x00004834       0x78 C:\Users\apsyvert\AppData\Local\Temp\cc8fH946.ltrans2.ltrans.o
                0x00004834                jswrap_onewire_write
 .text.jswrap_onewire_read
                0x000048ac       0xc4 C:\Users\apsyvert\AppData\Local\Temp\cc8fH946.ltrans2.ltrans.o
                0x000048ac                jswrap_onewire_read
 .text.jswrap_onewire_search
                0x00004970      0x2a8 C:\Users\apsyvert\AppData\Local\Temp\cc8fH946.ltrans2.ltrans.o
                0x00004970                jswrap_onewire_search
 .text.jsvGetFirstChild.16062.4096
                0x00004c18       0x18 C:\Users\apsyvert\AppData\Local\Temp\cc8fH946.ltrans2.ltrans.o
 .text.jsvGetNextSibling.16112.4093
                0x00004c30       0x18 C:\Users\apsyvert\AppData\Local\Temp\cc8fH946.ltrans2.ltrans.o
 .text._jsvGetBoolAndUnLock.16125
                0x00004c48       0x24 C:\Users\apsyvert\AppData\Local\Temp\cc8fH946.ltrans2.ltrans.o
                0x00004c48                _jsvGetBoolAndUnLock.16125
 .text.jsvObjectIteratorNew.16131
                0x00004c6c       0x7c C:\Users\apsyvert\AppData\Local\Temp\cc8fH946.ltrans2.ltrans.o
                0x00004c6c                jsvObjectIteratorNew.16131
 .text.jsvObjectIteratorGetKey.16128.4083
                0x00004ce8       0x28 C:\Users\apsyvert\AppData\Local\Temp\cc8fH946.ltrans2.ltrans.o
 .text.jsvObjectIteratorGetValue.16138
                0x00004d10       0x28 C:\Users\apsyvert\AppData\Local\Temp\cc8fH946.ltrans2.ltrans.o
                0x00004d10                jsvObjectIteratorGetValue.16138
 .text.jsvObjectIteratorHasValue.16115
                0x00004d38       0x24 C:\Users\apsyvert\AppData\Local\Temp\cc8fH946.ltrans2.ltrans.o
                0x00004d38                jsvObjectIteratorHasValue.16115
 .text.jsvObjectIteratorNext.16135
                0x00004d5c       0x48 C:\Users\apsyvert\AppData\Local\Temp\cc8fH946.ltrans2.ltrans.o
                0x00004d5c                jsvObjectIteratorNext.16135
 .text.jsvObjectIteratorFree.16122
                0x00004da4       0x18 C:\Users\apsyvert\AppData\Local\Temp\cc8fH946.ltrans2.ltrans.o
                0x00004da4                jsvObjectIteratorFree.16122
 .text.pipeGetArray.16141
                0x00004dbc       0x38 C:\Users\apsyvert\AppData\Local\Temp\cc8fH946.ltrans2.ltrans.o
                0x00004dbc                pipeGetArray.16141
 .text.handlePipeClose.16147
                0x00004df4      0x1dc C:\Users\apsyvert\AppData\Local\Temp\cc8fH946.ltrans2.ltrans.o
                0x00004df4                handlePipeClose.16147
 .text.jsfGetJSONForFunctionWithCallback
                0x00004fd0      0x1b8 C:\Users\apsyvert\AppData\Local\Temp\cc8fH946.ltrans3.ltrans.o
                0x00004fd0                jsfGetJSONForFunctionWithCallback
 .text.jsonNeedsNewLine.4278
                0x00005188       0x54 C:\Users\apsyvert\AppData\Local\Temp\cc8fH946.ltrans3.ltrans.o
 .text.jsonNewLine.4273
                0x000051dc       0x44 C:\Users\apsyvert\AppData\Local\Temp\cc8fH946.ltrans3.ltrans.o
 .text.jsfGetJSONWithCallback
                0x00005220      0x76c C:\Users\apsyvert\AppData\Local\Temp\cc8fH946.ltrans3.ltrans.o
                0x00005220                jsfGetJSONWithCallback
 .text.jsfGetJSON
                0x0000598c       0x70 C:\Users\apsyvert\AppData\Local\Temp\cc8fH946.ltrans3.ltrans.o
                0x0000598c                jsfGetJSON
 .text.jsfPrintJSON
                0x000059fc       0x24 C:\Users\apsyvert\AppData\Local\Temp\cc8fH946.ltrans3.ltrans.o
                0x000059fc                jsfPrintJSON
 .text.jsvGetFirstChild.15219.4239
                0x00005a20       0x18 C:\Users\apsyvert\AppData\Local\Temp\cc8fH946.ltrans3.ltrans.o
 .text.jsvGetNextSibling.15269.4236
                0x00005a38       0x18 C:\Users\apsyvert\AppData\Local\Temp\cc8fH946.ltrans3.ltrans.o
 .text.jsvObjectIteratorNew.15282.4232
                0x00005a50       0x7c C:\Users\apsyvert\AppData\Local\Temp\cc8fH946.ltrans3.ltrans.o
 .text.jsvObjectIteratorGetKey.15289.4229
                0x00005acc       0x28 C:\Users\apsyvert\AppData\Local\Temp\cc8fH946.ltrans3.ltrans.o
 .text.jsvObjectIteratorHasValue.15272.4226
                0x00005af4       0x24 C:\Users\apsyvert\AppData\Local\Temp\cc8fH946.ltrans3.ltrans.o
 .text.jsvObjectIteratorNext.15286.4223
                0x00005b18       0x48 C:\Users\apsyvert\AppData\Local\Temp\cc8fH946.ltrans3.ltrans.o
 .text.jsvObjectIteratorFree.15279.4220
                0x00005b60       0x18 C:\Users\apsyvert\AppData\Local\Temp\cc8fH946.ltrans3.ltrans.o
 .text.jswrap_modules_getModuleList.15292.4218
                0x00005b78       0x20 C:\Users\apsyvert\AppData\Local\Temp\cc8fH946.ltrans3.ltrans.o
 .text.jswrap_require
                0x00005b98      0x108 C:\Users\apsyvert\AppData\Local\Temp\cc8fH946.ltrans3.ltrans.o
                0x00005b98                jswrap_require
 .text.jswrap_modules_getCached
                0x00005ca0       0x88 C:\Users\apsyvert\AppData\Local\Temp\cc8fH946.ltrans3.ltrans.o
                0x00005ca0                jswrap_modules_getCached
 .text.jswrap_modules_removeCached
                0x00005d28       0x6c C:\Users\apsyvert\AppData\Local\Temp\cc8fH946.ltrans3.ltrans.o
                0x00005d28                jswrap_modules_removeCached
 .text.jswrap_modules_removeAllCached
                0x00005d94       0x24 C:\Users\apsyvert\AppData\Local\Temp\cc8fH946.ltrans3.ltrans.o
                0x00005d94                jswrap_modules_removeAllCached
 .text.jswrap_modules_addCached
                0x00005db8       0x94 C:\Users\apsyvert\AppData\Local\Temp\cc8fH946.ltrans3.ltrans.o
                0x00005db8                jswrap_modules_addCached
 .text.jswrap_pin_constructor
                0x00005e4c       0x3c C:\Users\apsyvert\AppData\Local\Temp\cc8fH946.ltrans3.ltrans.o
                0x00005e4c                jswrap_pin_constructor
 .text.jswrap_pin_read
                0x00005e88       0x24 C:\Users\apsyvert\AppData\Local\Temp\cc8fH946.ltrans3.ltrans.o
                0x00005e88                jswrap_pin_read
 .text.jswrap_pin_set
                0x00005eac       0x24 C:\Users\apsyvert\AppData\Local\Temp\cc8fH946.ltrans3.ltrans.o
                0x00005eac                jswrap_pin_set
 .text.jswrap_pin_reset
                0x00005ed0       0x24 C:\Users\apsyvert\AppData\Local\Temp\cc8fH946.ltrans3.ltrans.o
                0x00005ed0                jswrap_pin_reset
 .text.jswrap_pin_write
                0x00005ef4       0x28 C:\Users\apsyvert\AppData\Local\Temp\cc8fH946.ltrans3.ltrans.o
                0x00005ef4                jswrap_pin_write
 .text.jswrap_pin_writeAtTime
                0x00005f1c       0x58 C:\Users\apsyvert\AppData\Local\Temp\cc8fH946.ltrans3.ltrans.o
                0x00005f1c                jswrap_pin_writeAtTime
 .text.jswrap_pin_getMode
                0x00005f74       0x20 C:\Users\apsyvert\AppData\Local\Temp\cc8fH946.ltrans3.ltrans.o
                0x00005f74                jswrap_pin_getMode
 .text.jswrap_pin_mode
                0x00005f94       0x20 C:\Users\apsyvert\AppData\Local\Temp\cc8fH946.ltrans3.ltrans.o
                0x00005f94                jswrap_pin_mode
 .text.jswrap_pin_getInfo
                0x00005fb4      0x200 C:\Users\apsyvert\AppData\Local\Temp\cc8fH946.ltrans3.ltrans.o
                0x00005fb4                jswrap_pin_getInfo
 .text.jswrap_number_constructor
                0x000061b4      0x12c C:\Users\apsyvert\AppData\Local\Temp\cc8fH946.ltrans3.ltrans.o
                0x000061b4                jswrap_number_constructor
 .text.jswrap_number_toFixed
                0x000062e0       0x54 C:\Users\apsyvert\AppData\Local\Temp\cc8fH946.ltrans3.ltrans.o
                0x000062e0                jswrap_number_toFixed
 .text.itostr.15648.4158
                0x00006334       0x20 C:\Users\apsyvert\AppData\Local\Temp\cc8fH946.ltrans3.ltrans.o
 .text.jsvGetFirstChild.15574.4155
                0x00006354       0x18 C:\Users\apsyvert\AppData\Local\Temp\cc8fH946.ltrans3.ltrans.o
 .text.jsvGetNextSibling.15624.4152
                0x0000636c       0x18 C:\Users\apsyvert\AppData\Local\Temp\cc8fH946.ltrans3.ltrans.o
 .text.jsvNewFromEmptyString.15637
                0x00006384       0x18 C:\Users\apsyvert\AppData\Local\Temp\cc8fH946.ltrans3.ltrans.o
                0x00006384                jsvNewFromEmptyString.15637
 .text._jsvGetIntegerAndUnLock.15645
                0x0000639c       0x20 C:\Users\apsyvert\AppData\Local\Temp\cc8fH946.ltrans3.ltrans.o
                0x0000639c                _jsvGetIntegerAndUnLock.15645
 .text.jsvObjectIteratorNew.15653
                0x000063bc       0x7c C:\Users\apsyvert\AppData\Local\Temp\cc8fH946.ltrans3.ltrans.o
                0x000063bc                jsvObjectIteratorNew.15653
 .text.jsvObjectIteratorGetKey.15634
                0x00006438       0x28 C:\Users\apsyvert\AppData\Local\Temp\cc8fH946.ltrans3.ltrans.o
                0x00006438                jsvObjectIteratorGetKey.15634
 .text.jsvObjectIteratorGetValue.15639
                0x00006460       0x28 C:\Users\apsyvert\AppData\Local\Temp\cc8fH946.ltrans3.ltrans.o
                0x00006460                jsvObjectIteratorGetValue.15639
 .text.jsvObjectIteratorHasValue.15627
                0x00006488       0x24 C:\Users\apsyvert\AppData\Local\Temp\cc8fH946.ltrans3.ltrans.o
                0x00006488                jsvObjectIteratorHasValue.15627
 .text.jsvObjectIteratorNext.15657
                0x000064ac       0x48 C:\Users\apsyvert\AppData\Local\Temp\cc8fH946.ltrans3.ltrans.o
                0x000064ac                jsvObjectIteratorNext.15657
 .text.jsvObjectIteratorFree.15642
                0x000064f4       0x18 C:\Users\apsyvert\AppData\Local\Temp\cc8fH946.ltrans3.ltrans.o
                0x000064f4                jsvObjectIteratorFree.15642
 .text.jswrap_object_constructor
                0x0000650c       0x9c C:\Users\apsyvert\AppData\Local\Temp\cc8fH946.ltrans3.ltrans.o
                0x0000650c                jswrap_object_constructor
 .text.jswrap_object_length
                0x000065a8       0x88 C:\Users\apsyvert\AppData\Local\Temp\cc8fH946.ltrans3.ltrans.o
                0x000065a8                jswrap_object_length
 .text.jswrap_object_valueOf
                0x00006630       0x30 C:\Users\apsyvert\AppData\Local\Temp\cc8fH946.ltrans3.ltrans.o
                0x00006630                jswrap_object_valueOf
 .text.jswrap_object_toString
                0x00006660       0xa0 C:\Users\apsyvert\AppData\Local\Temp\cc8fH946.ltrans3.ltrans.o
                0x00006660                jswrap_object_toString
 .text.jswrap_object_clone
                0x00006700       0x18 C:\Users\apsyvert\AppData\Local\Temp\cc8fH946.ltrans3.ltrans.o
                0x00006700                jswrap_object_clone
 .text.jswrap_object_keys_or_property_names_cb
                0x00006718      0x1a8 C:\Users\apsyvert\AppData\Local\Temp\cc8fH946.ltrans3.ltrans.o
                0x00006718                jswrap_object_keys_or_property_names_cb
 .text.jswrap_object_keys_or_property_names
                0x000068c0       0x44 C:\Users\apsyvert\AppData\Local\Temp\cc8fH946.ltrans3.ltrans.o
                0x000068c0                jswrap_object_keys_or_property_names
 .text.jswrap_object_create
                0x00006904       0x8c C:\Users\apsyvert\AppData\Local\Temp\cc8fH946.ltrans3.ltrans.o
                0x00006904                jswrap_object_create
 .text.jswrap_object_getOwnPropertyDescriptor
                0x00006990      0x130 C:\Users\apsyvert\AppData\Local\Temp\cc8fH946.ltrans3.ltrans.o
                0x00006990                jswrap_object_getOwnPropertyDescriptor
 .text.jswrap_object_hasOwnProperty
                0x00006ac0       0xb4 C:\Users\apsyvert\AppData\Local\Temp\cc8fH946.ltrans3.ltrans.o
                0x00006ac0                jswrap_object_hasOwnProperty
 .text.jswrap_object_defineProperty
                0x00006b74       0xac C:\Users\apsyvert\AppData\Local\Temp\cc8fH946.ltrans3.ltrans.o
                0x00006b74                jswrap_object_defineProperty
 .text.jswrap_object_defineProperties
                0x00006c20       0xc4 C:\Users\apsyvert\AppData\Local\Temp\cc8fH946.ltrans3.ltrans.o
                0x00006c20                jswrap_object_defineProperties
 .text.jswrap_boolean_constructor
                0x00006ce4       0x18 C:\Users\apsyvert\AppData\Local\Temp\cc8fH946.ltrans3.ltrans.o
                0x00006ce4                jswrap_boolean_constructor
 .text.jswrap_object_addEventListener
                0x00006cfc       0x3c C:\Users\apsyvert\AppData\Local\Temp\cc8fH946.ltrans3.ltrans.o
                0x00006cfc                jswrap_object_addEventListener
 .text.jsvObjectIteratorNew.14483.4302
                0x00006d38       0x7c C:\Users\apsyvert\AppData\Local\Temp\cc8fH946.ltrans4.ltrans.o
 .text.jsvObjectIteratorGetValue.14490.4299
                0x00006db4       0x28 C:\Users\apsyvert\AppData\Local\Temp\cc8fH946.ltrans4.ltrans.o
 .text.jsvObjectIteratorHasValue.14473.4296
                0x00006ddc       0x24 C:\Users\apsyvert\AppData\Local\Temp\cc8fH946.ltrans4.ltrans.o
 .text.jsvObjectIteratorNext.14487.4293
                0x00006e00       0x48 C:\Users\apsyvert\AppData\Local\Temp\cc8fH946.ltrans4.ltrans.o
 .text.jsvObjectIteratorRemoveAndGotoNext.14500.4289
                0x00006e48       0x54 C:\Users\apsyvert\AppData\Local\Temp\cc8fH946.ltrans4.ltrans.o
 .text.jsvObjectIteratorFree.14480.4286
                0x00006e9c       0x18 C:\Users\apsyvert\AppData\Local\Temp\cc8fH946.ltrans4.ltrans.o
 .text.jswrap_interface_setBusyIndicator
                0x00006eb4       0x54 C:\Users\apsyvert\AppData\Local\Temp\cc8fH946.ltrans4.ltrans.o
                0x00006eb4                jswrap_interface_setBusyIndicator
 .text.jswrap_interface_setSleepIndicator
                0x00006f08       0x54 C:\Users\apsyvert\AppData\Local\Temp\cc8fH946.ltrans4.ltrans.o
                0x00006f08                jswrap_interface_setSleepIndicator
 .text.jswrap_interface_setDeepSleep
                0x00006f5c       0x3c C:\Users\apsyvert\AppData\Local\Temp\cc8fH946.ltrans4.ltrans.o
                0x00006f5c                jswrap_interface_setDeepSleep
 .text.jswrap_interface_trace
                0x00006f98       0x34 C:\Users\apsyvert\AppData\Local\Temp\cc8fH946.ltrans4.ltrans.o
                0x00006f98                jswrap_interface_trace
 .text.jswrap_interface_print
                0x00006fcc       0xbc C:\Users\apsyvert\AppData\Local\Temp\cc8fH946.ltrans4.ltrans.o
                0x00006fcc                jswrap_interface_print
 .text.jswrap_interface_edit
                0x00007088      0x154 C:\Users\apsyvert\AppData\Local\Temp\cc8fH946.ltrans4.ltrans.o
                0x00007088                jswrap_interface_edit
 .text.jswrap_interface_echo
                0x000071dc       0x3c C:\Users\apsyvert\AppData\Local\Temp\cc8fH946.ltrans4.ltrans.o
                0x000071dc                jswrap_interface_echo
 .text.jswrap_interactive_setTime
                0x00007218       0x48 C:\Users\apsyvert\AppData\Local\Temp\cc8fH946.ltrans4.ltrans.o
                0x00007218                jswrap_interactive_setTime
 .text.jswrap_interface_getSerial
                0x00007260       0x84 C:\Users\apsyvert\AppData\Local\Temp\cc8fH946.ltrans4.ltrans.o
                0x00007260                jswrap_interface_getSerial
 *fill*         0x000072e4        0x4 
 .text._jswrap_interface_setTimeoutOrInterval.4254
                0x000072e8      0x128 C:\Users\apsyvert\AppData\Local\Temp\cc8fH946.ltrans4.ltrans.o
 .text.jswrap_interface_setInterval
                0x00007410       0x28 C:\Users\apsyvert\AppData\Local\Temp\cc8fH946.ltrans4.ltrans.o
                0x00007410                jswrap_interface_setInterval
 .text.jswrap_interface_setTimeout
                0x00007438       0x28 C:\Users\apsyvert\AppData\Local\Temp\cc8fH946.ltrans4.ltrans.o
                0x00007438                jswrap_interface_setTimeout
 .text._jswrap_interface_clearTimeoutOrInterval.4240
                0x00007460      0x108 C:\Users\apsyvert\AppData\Local\Temp\cc8fH946.ltrans4.ltrans.o
 .text.jswrap_interface_clearInterval
                0x00007568       0x18 C:\Users\apsyvert\AppData\Local\Temp\cc8fH946.ltrans4.ltrans.o
                0x00007568                jswrap_interface_clearInterval
 .text.jswrap_interface_clearTimeout
                0x00007580       0x18 C:\Users\apsyvert\AppData\Local\Temp\cc8fH946.ltrans4.ltrans.o
                0x00007580                jswrap_interface_clearTimeout
 .text.jswrap_interface_changeInterval
                0x00007598      0x100 C:\Users\apsyvert\AppData\Local\Temp\cc8fH946.ltrans4.ltrans.o
                0x00007598                jswrap_interface_changeInterval
 .text.jsvGetFirstChild.14666.4226
                0x00007698       0x18 C:\Users\apsyvert\AppData\Local\Temp\cc8fH946.ltrans4.ltrans.o
 .text.jsvGetLastChild.14716.4223
                0x000076b0       0x18 C:\Users\apsyvert\AppData\Local\Temp\cc8fH946.ltrans4.ltrans.o
 .text.jsvGetNextSibling.14719.4220
                0x000076c8       0x18 C:\Users\apsyvert\AppData\Local\Temp\cc8fH946.ltrans4.ltrans.o
 .text.jsvGetPrevSibling.14722.4217
                0x000076e0       0x18 C:\Users\apsyvert\AppData\Local\Temp\cc8fH946.ltrans4.ltrans.o
 .text._jsvGetFloatAndUnLock.14732.4214
                0x000076f8       0x28 C:\Users\apsyvert\AppData\Local\Temp\cc8fH946.ltrans4.ltrans.o
 .text._jsvGetBoolAndUnLock.14738.4211
                0x00007720       0x24 C:\Users\apsyvert\AppData\Local\Temp\cc8fH946.ltrans4.ltrans.o
 .text.jsvObjectIteratorNew.14747.4207
                0x00007744       0x7c C:\Users\apsyvert\AppData\Local\Temp\cc8fH946.ltrans4.ltrans.o
 .text.jsvObjectIteratorGetValue.14744.4204
                0x000077c0       0x28 C:\Users\apsyvert\AppData\Local\Temp\cc8fH946.ltrans4.ltrans.o
 .text.jsvObjectIteratorHasValue.14725.4201
                0x000077e8       0x24 C:\Users\apsyvert\AppData\Local\Temp\cc8fH946.ltrans4.ltrans.o
 .text.jsvObjectIteratorNext.14741.4198
                0x0000780c       0x48 C:\Users\apsyvert\AppData\Local\Temp\cc8fH946.ltrans4.ltrans.o
 .text.jsvObjectIteratorFree.14735.4195
                0x00007854       0x18 C:\Users\apsyvert\AppData\Local\Temp\cc8fH946.ltrans4.ltrans.o
 .text._jswrap_io_peek.4191
                0x0000786c       0x48 C:\Users\apsyvert\AppData\Local\Temp\cc8fH946.ltrans4.ltrans.o
 .text.jswrap_io_peek
                0x000078b4       0xc8 C:\Users\apsyvert\AppData\Local\Temp\cc8fH946.ltrans4.ltrans.o
                0x000078b4                jswrap_io_peek
 .text._jswrap_io_poke.4180
                0x0000797c       0x44 C:\Users\apsyvert\AppData\Local\Temp\cc8fH946.ltrans4.ltrans.o
 .text.jswrap_io_poke
                0x000079c0       0x90 C:\Users\apsyvert\AppData\Local\Temp\cc8fH946.ltrans4.ltrans.o
                0x000079c0                jswrap_io_poke
 .text.jswrap_io_analogWrite
                0x00007a50       0xb0 C:\Users\apsyvert\AppData\Local\Temp\cc8fH946.ltrans4.ltrans.o
                0x00007a50                jswrap_io_analogWrite
 .text.jswrap_io_digitalPulse
                0x00007b00      0x124 C:\Users\apsyvert\AppData\Local\Temp\cc8fH946.ltrans4.ltrans.o
                0x00007b00                jswrap_io_digitalPulse
 .text.jswrap_io_digitalWrite
                0x00007c24       0xa0 C:\Users\apsyvert\AppData\Local\Temp\cc8fH946.ltrans4.ltrans.o
                0x00007c24                jswrap_io_digitalWrite
 .text.jswrap_io_digitalRead
                0x00007cc4       0xa8 C:\Users\apsyvert\AppData\Local\Temp\cc8fH946.ltrans4.ltrans.o
                0x00007cc4                jswrap_io_digitalRead
 .text.jswrap_io_pinMode
                0x00007d6c      0x148 C:\Users\apsyvert\AppData\Local\Temp\cc8fH946.ltrans4.ltrans.o
                0x00007d6c                jswrap_io_pinMode
 .text.jswrap_io_getPinMode
                0x00007eb4       0xd8 C:\Users\apsyvert\AppData\Local\Temp\cc8fH946.ltrans4.ltrans.o
                0x00007eb4                jswrap_io_getPinMode
 .text.jswrap_io_shiftOutCallback.4147
                0x00007f8c       0xc0 C:\Users\apsyvert\AppData\Local\Temp\cc8fH946.ltrans4.ltrans.o
 .text.jswrap_io_shiftOut
                0x0000804c      0x1b8 C:\Users\apsyvert\AppData\Local\Temp\cc8fH946.ltrans4.ltrans.o
                0x0000804c                jswrap_io_shiftOut
 .text.jswrap_interface_setWatch
                0x00008204      0x35c C:\Users\apsyvert\AppData\Local\Temp\cc8fH946.ltrans4.ltrans.o
                0x00008204                jswrap_interface_setWatch
 .text.jswrap_interface_clearWatch
                0x00008560      0x130 C:\Users\apsyvert\AppData\Local\Temp\cc8fH946.ltrans4.ltrans.o
                0x00008560                jswrap_interface_clearWatch
 .text.jsvGetFirstChild.14954.4129
                0x00008690       0x18 C:\Users\apsyvert\AppData\Local\Temp\cc8fH946.ltrans4.ltrans.o
 .text.jsvGetNextSibling.15004.4126
                0x000086a8       0x18 C:\Users\apsyvert\AppData\Local\Temp\cc8fH946.ltrans4.ltrans.o
 .text.jsvNewFromEmptyString.15028.4124
                0x000086c0       0x18 C:\Users\apsyvert\AppData\Local\Temp\cc8fH946.ltrans4.ltrans.o
 .text.jsvStringIteratorFree.15033
                0x000086d8       0x18 C:\Users\apsyvert\AppData\Local\Temp\cc8fH946.ltrans4.ltrans.o
                0x000086d8                jsvStringIteratorFree.15033
 .text.jsvObjectIteratorNew.15036
                0x000086f0       0x7c C:\Users\apsyvert\AppData\Local\Temp\cc8fH946.ltrans4.ltrans.o
                0x000086f0                jsvObjectIteratorNew.15036
 .text.jsvObjectIteratorGetKey.15043
                0x0000876c       0x28 C:\Users\apsyvert\AppData\Local\Temp\cc8fH946.ltrans4.ltrans.o
                0x0000876c                jsvObjectIteratorGetKey.15043
 .text.jsvObjectIteratorGetValue.15046
                0x00008794       0x28 C:\Users\apsyvert\AppData\Local\Temp\cc8fH946.ltrans4.ltrans.o
                0x00008794                jsvObjectIteratorGetValue.15046
 .text.jsvObjectIteratorHasValue.15022
                0x000087bc       0x24 C:\Users\apsyvert\AppData\Local\Temp\cc8fH946.ltrans4.ltrans.o
                0x000087bc                jsvObjectIteratorHasValue.15022
 .text.jsvObjectIteratorNext.15040
                0x000087e0       0x48 C:\Users\apsyvert\AppData\Local\Temp\cc8fH946.ltrans4.ltrans.o
                0x000087e0                jsvObjectIteratorNext.15040
 .text.jsvObjectIteratorFree.15030
                0x00008828       0x18 C:\Users\apsyvert\AppData\Local\Temp\cc8fH946.ltrans4.ltrans.o
                0x00008828                jsvObjectIteratorFree.15030
 .text.jswrap_json_stringify
                0x00008840       0x28 C:\Users\apsyvert\AppData\Local\Temp\cc8fH946.ltrans4.ltrans.o
                0x00008840                jswrap_json_stringify
 .text.jswrap_json_parse_internal.4061
                0x00008868      0x298 C:\Users\apsyvert\AppData\Local\Temp\cc8fH946.ltrans4.ltrans.o
 .text.jswrap_json_parse
                0x00008b00       0x50 C:\Users\apsyvert\AppData\Local\Temp\cc8fH946.ltrans4.ltrans.o
                0x00008b00                jswrap_json_parse
 .text.jswrap_espruino_FFT
                0x00008b50      0x338 C:\Users\apsyvert\AppData\Local\Temp\cc8fH946.ltrans5.ltrans.o
                0x00008b50                jswrap_espruino_FFT
 .text.jswrap_espruino_interpolate
                0x00008e88      0x144 C:\Users\apsyvert\AppData\Local\Temp\cc8fH946.ltrans5.ltrans.o
                0x00008e88                jswrap_espruino_interpolate
 .text.jswrap_espruino_interpolate2d
                0x00008fcc      0x258 C:\Users\apsyvert\AppData\Local\Temp\cc8fH946.ltrans5.ltrans.o
                0x00008fcc                jswrap_espruino_interpolate2d
 .text.jswrap_espruino_enableWatchdog
                0x00009224       0x50 C:\Users\apsyvert\AppData\Local\Temp\cc8fH946.ltrans5.ltrans.o
                0x00009224                jswrap_espruino_enableWatchdog
 .text.jswrap_espruino_getErrorFlags
                0x00009274       0xcc C:\Users\apsyvert\AppData\Local\Temp\cc8fH946.ltrans5.ltrans.o
                0x00009274                jswrap_espruino_getErrorFlags
 .text.jswrap_espruino_toArrayBuffer
                0x00009340       0x30 C:\Users\apsyvert\AppData\Local\Temp\cc8fH946.ltrans5.ltrans.o
                0x00009340                jswrap_espruino_toArrayBuffer
 .text._jswrap_espruino_toString_char.4245
                0x00009370       0x24 C:\Users\apsyvert\AppData\Local\Temp\cc8fH946.ltrans5.ltrans.o
 .text.jswrap_espruino_toString
                0x00009394       0x58 C:\Users\apsyvert\AppData\Local\Temp\cc8fH946.ltrans5.ltrans.o
                0x00009394                jswrap_espruino_toString
 .text._jswrap_espruino_toUint8Array_char.4230
                0x000093ec       0x24 C:\Users\apsyvert\AppData\Local\Temp\cc8fH946.ltrans5.ltrans.o
 .text.jswrap_espruino_toUint8Array
                0x00009410       0x58 C:\Users\apsyvert\AppData\Local\Temp\cc8fH946.ltrans5.ltrans.o
                0x00009410                jswrap_espruino_toUint8Array
 .text.jswrap_espruino_memoryArea
                0x00009468       0x4c C:\Users\apsyvert\AppData\Local\Temp\cc8fH946.ltrans5.ltrans.o
                0x00009468                jswrap_espruino_memoryArea
 .text.jswrap_espruino_reverseByte
                0x000094b4       0x50 C:\Users\apsyvert\AppData\Local\Temp\cc8fH946.ltrans5.ltrans.o
                0x000094b4                jswrap_espruino_reverseByte
 .text.jswrap_espruino_dumpTimers
                0x00009504        0xc C:\Users\apsyvert\AppData\Local\Temp\cc8fH946.ltrans5.ltrans.o
                0x00009504                jswrap_espruino_dumpTimers
 .text.jswrap_espruino_getSizeOf
                0x00009510      0x10c C:\Users\apsyvert\AppData\Local\Temp\cc8fH946.ltrans5.ltrans.o
                0x00009510                jswrap_espruino_getSizeOf
 .text.jswrap_espruino_mapInPlace
                0x0000961c      0x214 C:\Users\apsyvert\AppData\Local\Temp\cc8fH946.ltrans5.ltrans.o
                0x0000961c                jswrap_espruino_mapInPlace
 .text.jswrap_e_dumpStr
                0x00009830       0x44 C:\Users\apsyvert\AppData\Local\Temp\cc8fH946.ltrans5.ltrans.o
                0x00009830                jswrap_e_dumpStr
 *fill*         0x00009874        0x4 
 .text.jswrap_espruino_HSBtoRGB
                0x00009878      0x248 C:\Users\apsyvert\AppData\Local\Temp\cc8fH946.ltrans5.ltrans.o
                0x00009878                jswrap_espruino_HSBtoRGB
 .text.jswrap_flash_getPage
                0x00009ac0       0x78 C:\Users\apsyvert\AppData\Local\Temp\cc8fH946.ltrans5.ltrans.o
                0x00009ac0                jswrap_flash_getPage
 .text.jswrap_flash_erasePage
                0x00009b38       0x40 C:\Users\apsyvert\AppData\Local\Temp\cc8fH946.ltrans5.ltrans.o
                0x00009b38                jswrap_flash_erasePage
 .text.jswrap_flash_write
                0x00009b78       0xd4 C:\Users\apsyvert\AppData\Local\Temp\cc8fH946.ltrans5.ltrans.o
                0x00009b78                jswrap_flash_write
 .text.jswrap_flash_read
                0x00009c4c       0x88 C:\Users\apsyvert\AppData\Local\Temp\cc8fH946.ltrans5.ltrans.o
                0x00009c4c                jswrap_flash_read
 .text.jsfSaveToFlash_writecb.4174
                0x00009cd4       0x80 C:\Users\apsyvert\AppData\Local\Temp\cc8fH946.ltrans5.ltrans.o
 .text.jsfSaveToFlash_checkcb.4178
                0x00009d54       0x3c C:\Users\apsyvert\AppData\Local\Temp\cc8fH946.ltrans5.ltrans.o
 .text.jsfLoadFromFlash_readcb.4168
                0x00009d90       0x40 C:\Users\apsyvert\AppData\Local\Temp\cc8fH946.ltrans5.ltrans.o
 .text.jsfSaveToFlash
                0x00009dd0      0x204 C:\Users\apsyvert\AppData\Local\Temp\cc8fH946.ltrans5.ltrans.o
                0x00009dd0                jsfSaveToFlash
 .text.jsfLoadFromFlash
                0x00009fd4       0x68 C:\Users\apsyvert\AppData\Local\Temp\cc8fH946.ltrans5.ltrans.o
                0x00009fd4                jsfLoadFromFlash
 .text.jsfFlashContainsCode
                0x0000a03c       0x30 C:\Users\apsyvert\AppData\Local\Temp\cc8fH946.ltrans5.ltrans.o
                0x0000a03c                jsfFlashContainsCode
 .text.isWhitespace.14172.4160
                0x0000a06c       0x4c C:\Users\apsyvert\AppData\Local\Temp\cc8fH946.ltrans5.ltrans.o
 .text.isNumeric.14178.4157
                0x0000a0b8       0x30 C:\Users\apsyvert\AppData\Local\Temp\cc8fH946.ltrans5.ltrans.o
 .text.isAlpha.14181.4154
                0x0000a0e8       0x40 C:\Users\apsyvert\AppData\Local\Temp\cc8fH946.ltrans5.ltrans.o
 .text.jsvGetFirstChild.14184.4151
                0x0000a128       0x18 C:\Users\apsyvert\AppData\Local\Temp\cc8fH946.ltrans5.ltrans.o
 .text.jsvGetNextSibling.14232.4148
                0x0000a140       0x18 C:\Users\apsyvert\AppData\Local\Temp\cc8fH946.ltrans5.ltrans.o
 .text.jsvNewFromEmptyString.14255.4146
                0x0000a158       0x18 C:\Users\apsyvert\AppData\Local\Temp\cc8fH946.ltrans5.ltrans.o
 .text.jsvStringIteratorGetChar.14235.4143
                0x0000a170       0x2c C:\Users\apsyvert\AppData\Local\Temp\cc8fH946.ltrans5.ltrans.o
 .text.jsvStringIteratorHasChar.14246.4140
                0x0000a19c       0x28 C:\Users\apsyvert\AppData\Local\Temp\cc8fH946.ltrans5.ltrans.o
 .text.jsvStringIteratorFree.14260.4129
                0x0000a1c4       0x18 C:\Users\apsyvert\AppData\Local\Temp\cc8fH946.ltrans5.ltrans.o
 .text.jsvObjectIteratorNew.14263.4125
                0x0000a1dc       0x7c C:\Users\apsyvert\AppData\Local\Temp\cc8fH946.ltrans5.ltrans.o
 .text.jsvObjectIteratorGetValue.14270.4122
                0x0000a258       0x28 C:\Users\apsyvert\AppData\Local\Temp\cc8fH946.ltrans5.ltrans.o
 .text.jsvObjectIteratorHasValue.14249.4119
                0x0000a280       0x24 C:\Users\apsyvert\AppData\Local\Temp\cc8fH946.ltrans5.ltrans.o
 .text.jsvObjectIteratorNext.14267.4116
                0x0000a2a4       0x48 C:\Users\apsyvert\AppData\Local\Temp\cc8fH946.ltrans5.ltrans.o
 .text.jsvObjectIteratorFree.14257.4109
                0x0000a2ec       0x18 C:\Users\apsyvert\AppData\Local\Temp\cc8fH946.ltrans5.ltrans.o
 .text.jswrap_arguments
                0x0000a304       0x5c C:\Users\apsyvert\AppData\Local\Temp\cc8fH946.ltrans5.ltrans.o
                0x0000a304                jswrap_arguments
 .text.jswrap_function_constructor
                0x0000a360       0xcc C:\Users\apsyvert\AppData\Local\Temp\cc8fH946.ltrans5.ltrans.o
                0x0000a360                jswrap_function_constructor
 .text.jswrap_eval
                0x0000a42c       0x40 C:\Users\apsyvert\AppData\Local\Temp\cc8fH946.ltrans5.ltrans.o
                0x0000a42c                jswrap_eval
 .text.jswrap_parseInt
                0x0000a46c      0x124 C:\Users\apsyvert\AppData\Local\Temp\cc8fH946.ltrans5.ltrans.o
                0x0000a46c                jswrap_parseInt
 .text.jswrap_parseFloat
                0x0000a590       0xcc C:\Users\apsyvert\AppData\Local\Temp\cc8fH946.ltrans5.ltrans.o
                0x0000a590                jswrap_parseFloat
 .text.jswrap_isNaN
                0x0000a65c       0xf4 C:\Users\apsyvert\AppData\Local\Temp\cc8fH946.ltrans5.ltrans.o
                0x0000a65c                jswrap_isNaN
 .text.jswrap_btoa_encode.14291.4087
                0x0000a750       0x4c C:\Users\apsyvert\AppData\Local\Temp\cc8fH946.ltrans5.ltrans.o
 .text.jswrap_atob_decode.14294.4084
                0x0000a79c       0x68 C:\Users\apsyvert\AppData\Local\Temp\cc8fH946.ltrans5.ltrans.o
 .text.jswrap_btoa
                0x0000a804      0x1ac C:\Users\apsyvert\AppData\Local\Temp\cc8fH946.ltrans5.ltrans.o
                0x0000a804                jswrap_btoa
 .text.jswrap_atob
                0x0000a9b0      0x180 C:\Users\apsyvert\AppData\Local\Temp\cc8fH946.ltrans5.ltrans.o
                0x0000a9b0                jswrap_atob
 .text.jswrap_encodeURIComponent
                0x0000ab30      0x174 C:\Users\apsyvert\AppData\Local\Temp\cc8fH946.ltrans5.ltrans.o
                0x0000ab30                jswrap_encodeURIComponent
 .text.jswrap_decodeURIComponent
                0x0000aca4      0x14c C:\Users\apsyvert\AppData\Local\Temp\cc8fH946.ltrans5.ltrans.o
                0x0000aca4                jswrap_decodeURIComponent
 .text.itostr.14495
                0x0000adf0       0x20 C:\Users\apsyvert\AppData\Local\Temp\cc8fH946.ltrans5.ltrans.o
                0x0000adf0                itostr.14495
 .text.jsvGetFirstChild.14420
                0x0000ae10       0x18 C:\Users\apsyvert\AppData\Local\Temp\cc8fH946.ltrans5.ltrans.o
                0x0000ae10                jsvGetFirstChild.14420
 .text.jsvGetNextSibling.14470
                0x0000ae28       0x18 C:\Users\apsyvert\AppData\Local\Temp\cc8fH946.ltrans5.ltrans.o
                0x0000ae28                jsvGetNextSibling.14470
 .text.jsvNewFromEmptyString.14493
                0x0000ae40       0x18 C:\Users\apsyvert\AppData\Local\Temp\cc8fH946.ltrans5.ltrans.o
                0x0000ae40                jsvNewFromEmptyString.14493
 .text.jswrap_array_reverse
                0x0000ae58      0x130 C:\Users\apsyvert\AppData\Local\Temp\cc8fH946.ltrans6.ltrans.o
                0x0000ae58                jswrap_array_reverse
 .text.jsvSetFirstChild.13253.4296
                0x0000af88       0x1c C:\Users\apsyvert\AppData\Local\Temp\cc8fH946.ltrans6.ltrans.o
 .text.jswrap_arraybuffer_constructor
                0x0000afa4       0x88 C:\Users\apsyvert\AppData\Local\Temp\cc8fH946.ltrans6.ltrans.o
                0x0000afa4                jswrap_arraybuffer_constructor
 .text.jswrap_typedarray_constructor
                0x0000b02c      0x1a0 C:\Users\apsyvert\AppData\Local\Temp\cc8fH946.ltrans6.ltrans.o
                0x0000b02c                jswrap_typedarray_constructor
 .text.jswrap_arraybufferview_set
                0x0000b1cc      0x12c C:\Users\apsyvert\AppData\Local\Temp\cc8fH946.ltrans6.ltrans.o
                0x0000b1cc                jswrap_arraybufferview_set
 .text.jswrap_arraybufferview_map
                0x0000b2f8      0x190 C:\Users\apsyvert\AppData\Local\Temp\cc8fH946.ltrans6.ltrans.o
                0x0000b2f8                jswrap_arraybufferview_map
 .text._jsvGetIntegerAndUnLock.13446.4273
                0x0000b488       0x20 C:\Users\apsyvert\AppData\Local\Temp\cc8fH946.ltrans6.ltrans.o
 .text._jsvGetFloatAndUnLock.13396.4270
                0x0000b4a8       0x28 C:\Users\apsyvert\AppData\Local\Temp\cc8fH946.ltrans6.ltrans.o
 .text.getTimeFromMilliSeconds.4267
                0x0000b4d0      0x124 C:\Users\apsyvert\AppData\Local\Temp\cc8fH946.ltrans6.ltrans.o
 .text.fromTimeInDay.4264
                0x0000b5f4       0x90 C:\Users\apsyvert\AppData\Local\Temp\cc8fH946.ltrans6.ltrans.o
 .text.getCalendarDate.4261
                0x0000b684      0x110 C:\Users\apsyvert\AppData\Local\Temp\cc8fH946.ltrans6.ltrans.o
 .text.fromCalenderDate.4258
                0x0000b794       0xa4 C:\Users\apsyvert\AppData\Local\Temp\cc8fH946.ltrans6.ltrans.o
 .text.getMonth.13476.4255
                0x0000b838       0x78 C:\Users\apsyvert\AppData\Local\Temp\cc8fH946.ltrans6.ltrans.o
 .text.getDay.13479.4252
                0x0000b8b0       0x48 C:\Users\apsyvert\AppData\Local\Temp\cc8fH946.ltrans6.ltrans.o
 .text.jswrap_date_now
                0x0000b8f8       0x5c C:\Users\apsyvert\AppData\Local\Temp\cc8fH946.ltrans6.ltrans.o
                0x0000b8f8                jswrap_date_now
 .text.jswrap_date_from_milliseconds.4247
                0x0000b954       0x44 C:\Users\apsyvert\AppData\Local\Temp\cc8fH946.ltrans6.ltrans.o
 .text.jswrap_date_constructor
                0x0000b998      0x144 C:\Users\apsyvert\AppData\Local\Temp\cc8fH946.ltrans6.ltrans.o
                0x0000b998                jswrap_date_constructor
 .text.jswrap_date_getTimezoneOffset
                0x0000badc       0x20 C:\Users\apsyvert\AppData\Local\Temp\cc8fH946.ltrans6.ltrans.o
                0x0000badc                jswrap_date_getTimezoneOffset
 .text.jswrap_date_getTime
                0x0000bafc       0x2c C:\Users\apsyvert\AppData\Local\Temp\cc8fH946.ltrans6.ltrans.o
                0x0000bafc                jswrap_date_getTime
 .text.getTimeFromDateVar.13493.4235
                0x0000bb28       0x24 C:\Users\apsyvert\AppData\Local\Temp\cc8fH946.ltrans6.ltrans.o
 .text.getCalendarDateFromDateVar.13496.4225
                0x0000bb4c       0x2c C:\Users\apsyvert\AppData\Local\Temp\cc8fH946.ltrans6.ltrans.o
 .text.jswrap_date_getHours
                0x0000bb78       0x20 C:\Users\apsyvert\AppData\Local\Temp\cc8fH946.ltrans6.ltrans.o
                0x0000bb78                jswrap_date_getHours
 .text.jswrap_date_getMinutes
                0x0000bb98       0x20 C:\Users\apsyvert\AppData\Local\Temp\cc8fH946.ltrans6.ltrans.o
                0x0000bb98                jswrap_date_getMinutes
 .text.jswrap_date_getSeconds
                0x0000bbb8       0x20 C:\Users\apsyvert\AppData\Local\Temp\cc8fH946.ltrans6.ltrans.o
                0x0000bbb8                jswrap_date_getSeconds
 .text.jswrap_date_getMilliseconds
                0x0000bbd8       0x20 C:\Users\apsyvert\AppData\Local\Temp\cc8fH946.ltrans6.ltrans.o
                0x0000bbd8                jswrap_date_getMilliseconds
 .text.jswrap_date_getDay
                0x0000bbf8       0x20 C:\Users\apsyvert\AppData\Local\Temp\cc8fH946.ltrans6.ltrans.o
                0x0000bbf8                jswrap_date_getDay
 .text.jswrap_date_getDate
                0x0000bc18       0x20 C:\Users\apsyvert\AppData\Local\Temp\cc8fH946.ltrans6.ltrans.o
                0x0000bc18                jswrap_date_getDate
 .text.jswrap_date_getMonth
                0x0000bc38       0x20 C:\Users\apsyvert\AppData\Local\Temp\cc8fH946.ltrans6.ltrans.o
                0x0000bc38                jswrap_date_getMonth
 .text.jswrap_date_getFullYear
                0x0000bc58       0x20 C:\Users\apsyvert\AppData\Local\Temp\cc8fH946.ltrans6.ltrans.o
                0x0000bc58                jswrap_date_getFullYear
 .text.jswrap_date_toString
                0x0000bc78       0x64 C:\Users\apsyvert\AppData\Local\Temp\cc8fH946.ltrans6.ltrans.o
                0x0000bc78                jswrap_date_toString
 .text.jswrap_date_toUTCString
                0x0000bcdc       0x64 C:\Users\apsyvert\AppData\Local\Temp\cc8fH946.ltrans6.ltrans.o
                0x0000bcdc                jswrap_date_toUTCString
 .text._parse_int.13529.4192
                0x0000bd40       0x28 C:\Users\apsyvert\AppData\Local\Temp\cc8fH946.ltrans6.ltrans.o
 .text._parse_time.13556.4179
                0x0000bd68      0x1bc C:\Users\apsyvert\AppData\Local\Temp\cc8fH946.ltrans6.ltrans.o
 .text.jswrap_date_parse
                0x0000bf24      0x320 C:\Users\apsyvert\AppData\Local\Temp\cc8fH946.ltrans6.ltrans.o
                0x0000bf24                jswrap_date_parse
 .text._jswrap_error_constructor.4171
                0x0000c244       0x5c C:\Users\apsyvert\AppData\Local\Temp\cc8fH946.ltrans6.ltrans.o
 .text.jswrap_error_constructor
                0x0000c2a0       0x20 C:\Users\apsyvert\AppData\Local\Temp\cc8fH946.ltrans6.ltrans.o
                0x0000c2a0                jswrap_error_constructor
 .text.jswrap_syntaxerror_constructor
                0x0000c2c0       0x20 C:\Users\apsyvert\AppData\Local\Temp\cc8fH946.ltrans6.ltrans.o
                0x0000c2c0                jswrap_syntaxerror_constructor
 .text.jswrap_typeerror_constructor
                0x0000c2e0       0x20 C:\Users\apsyvert\AppData\Local\Temp\cc8fH946.ltrans6.ltrans.o
                0x0000c2e0                jswrap_typeerror_constructor
 .text.jswrap_internalerror_constructor
                0x0000c300       0x20 C:\Users\apsyvert\AppData\Local\Temp\cc8fH946.ltrans6.ltrans.o
                0x0000c300                jswrap_internalerror_constructor
 .text.jswrap_referenceerror_constructor
                0x0000c320       0x20 C:\Users\apsyvert\AppData\Local\Temp\cc8fH946.ltrans6.ltrans.o
                0x0000c320                jswrap_referenceerror_constructor
 .text.jswrap_error_toString
                0x0000c340       0x70 C:\Users\apsyvert\AppData\Local\Temp\cc8fH946.ltrans6.ltrans.o
                0x0000c340                jswrap_error_toString
 .text.jsvGetFirstChild.13716.4149
                0x0000c3b0       0x18 C:\Users\apsyvert\AppData\Local\Temp\cc8fH946.ltrans6.ltrans.o
 .text.jsvGetNextSibling.13766.4146
                0x0000c3c8       0x18 C:\Users\apsyvert\AppData\Local\Temp\cc8fH946.ltrans6.ltrans.o
 .text.jsvNewFromEmptyString.13797
                0x0000c3e0       0x18 C:\Users\apsyvert\AppData\Local\Temp\cc8fH946.ltrans6.ltrans.o
                0x0000c3e0                jsvNewFromEmptyString.13797
 .text.jsvStringIteratorHasChar.13769.4141
                0x0000c3f8       0x28 C:\Users\apsyvert\AppData\Local\Temp\cc8fH946.ltrans6.ltrans.o
 .text.jsvStringIteratorSetChar.13781
                0x0000c420       0x2c C:\Users\apsyvert\AppData\Local\Temp\cc8fH946.ltrans6.ltrans.o
                0x0000c420                jsvStringIteratorSetChar.13781
 .text.jsvStringIteratorFree.13791
                0x0000c44c       0x18 C:\Users\apsyvert\AppData\Local\Temp\cc8fH946.ltrans6.ltrans.o
                0x0000c44c                jsvStringIteratorFree.13791
 .text.jsvObjectIteratorNew.13815
                0x0000c464       0x7c C:\Users\apsyvert\AppData\Local\Temp\cc8fH946.ltrans6.ltrans.o
                0x0000c464                jsvObjectIteratorNew.13815
 .text.jsvObjectIteratorGetKey.13822
                0x0000c4e0       0x28 C:\Users\apsyvert\AppData\Local\Temp\cc8fH946.ltrans6.ltrans.o
                0x0000c4e0                jsvObjectIteratorGetKey.13822
 .text.jsvObjectIteratorHasValue.13785
                0x0000c508       0x24 C:\Users\apsyvert\AppData\Local\Temp\cc8fH946.ltrans6.ltrans.o
                0x0000c508                jsvObjectIteratorHasValue.13785
 .text.jsvObjectIteratorNext.13819
                0x0000c52c       0x48 C:\Users\apsyvert\AppData\Local\Temp\cc8fH946.ltrans6.ltrans.o
                0x0000c52c                jsvObjectIteratorNext.13819
 .text.jsvObjectIteratorFree.13794
                0x0000c574       0x18 C:\Users\apsyvert\AppData\Local\Temp\cc8fH946.ltrans6.ltrans.o
                0x0000c574                jsvObjectIteratorFree.13794
 .text.nativeCallGetCType.4086
                0x0000c58c       0xc4 C:\Users\apsyvert\AppData\Local\Temp\cc8fH946.ltrans6.ltrans.o
 .text.jswrap_espruino_nativeCall
                0x0000c650      0x1d0 C:\Users\apsyvert\AppData\Local\Temp\cc8fH946.ltrans6.ltrans.o
                0x0000c650                jswrap_espruino_nativeCall
 .text.jswrap_espruino_clip
                0x0000c820       0x50 C:\Users\apsyvert\AppData\Local\Temp\cc8fH946.ltrans6.ltrans.o
                0x0000c820                jswrap_espruino_clip
 .text.jswrap_espruino_sum
                0x0000c870       0xd0 C:\Users\apsyvert\AppData\Local\Temp\cc8fH946.ltrans6.ltrans.o
                0x0000c870                jswrap_espruino_sum
 .text.jswrap_espruino_variance
                0x0000c940       0xd4 C:\Users\apsyvert\AppData\Local\Temp\cc8fH946.ltrans6.ltrans.o
                0x0000c940                jswrap_espruino_variance
 .text.jswrap_espruino_convolve
                0x0000ca14      0x16c C:\Users\apsyvert\AppData\Local\Temp\cc8fH946.ltrans6.ltrans.o
                0x0000ca14                jswrap_espruino_convolve
 .text.FFT      0x0000cb80      0x424 C:\Users\apsyvert\AppData\Local\Temp\cc8fH946.ltrans6.ltrans.o
                0x0000cb80                FFT
 .text.checkAllTimers.12757
                0x0000cfa4      0x2a8 C:\Users\apsyvert\AppData\Local\Temp\cc8fH946.ltrans7.ltrans.o
                0x0000cfa4                checkAllTimers.12757
 .text.executeTimerCallbacks.12766
                0x0000d24c       0x64 C:\Users\apsyvert\AppData\Local\Temp\cc8fH946.ltrans7.ltrans.o
                0x0000d24c                executeTimerCallbacks.12766
 .text.rescheduleRtc.12768
                0x0000d2b0      0x10c C:\Users\apsyvert\AppData\Local\Temp\cc8fH946.ltrans7.ltrans.o
                0x0000d2b0                rescheduleRtc.12768
 .text.readUnalignedWord.12879.4250
                0x0000d3bc       0x4c C:\Users\apsyvert\AppData\Local\Temp\cc8fH946.ltrans7.ltrans.o
 .text.returnTypeConvert.12885.4244
                0x0000d408       0x48 C:\Users\apsyvert\AppData\Local\Temp\cc8fH946.ltrans7.ltrans.o
 .text.NVMHAL_Init
                0x0000d450        0xc C:\Users\apsyvert\AppData\Local\Temp\cc8fH946.ltrans7.ltrans.o
                0x0000d450                NVMHAL_Init
 .text.NVMHAL_DeInit
                0x0000d45c        0xc C:\Users\apsyvert\AppData\Local\Temp\cc8fH946.ltrans7.ltrans.o
                0x0000d45c                NVMHAL_DeInit
 .text.NVMHAL_Write
                0x0000d468      0x148 C:\Users\apsyvert\AppData\Local\Temp\cc8fH946.ltrans7.ltrans.o
                0x0000d468                NVMHAL_Write
 .text.NVMHAL_PageErase
                0x0000d5b0       0x20 C:\Users\apsyvert\AppData\Local\Temp\cc8fH946.ltrans7.ltrans.o
                0x0000d5b0                NVMHAL_PageErase
 .text.jsvGetFirstChild.12966.4214
                0x0000d5d0       0x18 C:\Users\apsyvert\AppData\Local\Temp\cc8fH946.ltrans7.ltrans.o
 .text.jsvGetNextSibling.13016.4211
                0x0000d5e8       0x18 C:\Users\apsyvert\AppData\Local\Temp\cc8fH946.ltrans7.ltrans.o
 .text._jsvGetIntegerAndUnLock.13029.4208
                0x0000d600       0x20 C:\Users\apsyvert\AppData\Local\Temp\cc8fH946.ltrans7.ltrans.o
 .text.jsvObjectIteratorNew.13035.4204
                0x0000d620       0x7c C:\Users\apsyvert\AppData\Local\Temp\cc8fH946.ltrans7.ltrans.o
 .text.jsvObjectIteratorGetKey.13032.4201
                0x0000d69c       0x28 C:\Users\apsyvert\AppData\Local\Temp\cc8fH946.ltrans7.ltrans.o
 .text.jsvObjectIteratorGetValue.13042.4198
                0x0000d6c4       0x28 C:\Users\apsyvert\AppData\Local\Temp\cc8fH946.ltrans7.ltrans.o
 .text.jsvObjectIteratorHasValue.13019.4195
                0x0000d6ec       0x24 C:\Users\apsyvert\AppData\Local\Temp\cc8fH946.ltrans7.ltrans.o
 .text.jsvObjectIteratorNext.13039.4192
                0x0000d710       0x48 C:\Users\apsyvert\AppData\Local\Temp\cc8fH946.ltrans7.ltrans.o
 .text.jsvObjectIteratorFree.13026.4189
                0x0000d758       0x18 C:\Users\apsyvert\AppData\Local\Temp\cc8fH946.ltrans7.ltrans.o
 .text.jswrap_array_constructor
                0x0000d770       0xcc C:\Users\apsyvert\AppData\Local\Temp\cc8fH946.ltrans7.ltrans.o
                0x0000d770                jswrap_array_constructor
 .text.jswrap_array_indexOf
                0x0000d83c       0x44 C:\Users\apsyvert\AppData\Local\Temp\cc8fH946.ltrans7.ltrans.o
                0x0000d83c                jswrap_array_indexOf
 .text.jswrap_array_join
                0x0000d880       0x68 C:\Users\apsyvert\AppData\Local\Temp\cc8fH946.ltrans7.ltrans.o
                0x0000d880                jswrap_array_join
 .text.jswrap_array_push
                0x0000d8e8       0x90 C:\Users\apsyvert\AppData\Local\Temp\cc8fH946.ltrans7.ltrans.o
                0x0000d8e8                jswrap_array_push
 .text._jswrap_array_iterate_with_callback.4165
                0x0000d978      0x23c C:\Users\apsyvert\AppData\Local\Temp\cc8fH946.ltrans7.ltrans.o
 .text.jswrap_array_map
                0x0000dbb4       0x34 C:\Users\apsyvert\AppData\Local\Temp\cc8fH946.ltrans7.ltrans.o
                0x0000dbb4                jswrap_array_map
 .text.jswrap_array_forEach
                0x0000dbe8       0x30 C:\Users\apsyvert\AppData\Local\Temp\cc8fH946.ltrans7.ltrans.o
                0x0000dbe8                jswrap_array_forEach
 .text.jswrap_array_filter
                0x0000dc18       0x34 C:\Users\apsyvert\AppData\Local\Temp\cc8fH946.ltrans7.ltrans.o
                0x0000dc18                jswrap_array_filter
 .text.jswrap_array_some
                0x0000dc4c       0x34 C:\Users\apsyvert\AppData\Local\Temp\cc8fH946.ltrans7.ltrans.o
                0x0000dc4c                jswrap_array_some
 .text.jswrap_array_every
                0x0000dc80       0x34 C:\Users\apsyvert\AppData\Local\Temp\cc8fH946.ltrans7.ltrans.o
                0x0000dc80                jswrap_array_every
 .text.jswrap_array_reduce
                0x0000dcb4      0x188 C:\Users\apsyvert\AppData\Local\Temp\cc8fH946.ltrans7.ltrans.o
                0x0000dcb4                jswrap_array_reduce
 .text.jswrap_array_splice
                0x0000de3c      0x248 C:\Users\apsyvert\AppData\Local\Temp\cc8fH946.ltrans7.ltrans.o
                0x0000de3c                jswrap_array_splice
 .text.jswrap_array_shift
                0x0000e084       0x58 C:\Users\apsyvert\AppData\Local\Temp\cc8fH946.ltrans7.ltrans.o
                0x0000e084                jswrap_array_shift
 .text.jswrap_array_unshift
                0x0000e0dc       0x38 C:\Users\apsyvert\AppData\Local\Temp\cc8fH946.ltrans7.ltrans.o
                0x0000e0dc                jswrap_array_unshift
 .text.jswrap_array_slice
                0x0000e114      0x130 C:\Users\apsyvert\AppData\Local\Temp\cc8fH946.ltrans7.ltrans.o
                0x0000e114                jswrap_array_slice
 .text._jswrap_array_sort_compare.13117.4112
                0x0000e244       0x74 C:\Users\apsyvert\AppData\Local\Temp\cc8fH946.ltrans7.ltrans.o
 .text._jswrap_array_sort.13122.4107
                0x0000e2b8      0x160 C:\Users\apsyvert\AppData\Local\Temp\cc8fH946.ltrans7.ltrans.o
 .text.jswrap_array_sort
                0x0000e418       0xd4 C:\Users\apsyvert\AppData\Local\Temp\cc8fH946.ltrans7.ltrans.o
                0x0000e418                jswrap_array_sort
 .text.jswrap_array_concat
                0x0000e4ec       0xd0 C:\Users\apsyvert\AppData\Local\Temp\cc8fH946.ltrans7.ltrans.o
                0x0000e4ec                jswrap_array_concat
 .text.jswrap_array_fill
                0x0000e5bc      0x1a8 C:\Users\apsyvert\AppData\Local\Temp\cc8fH946.ltrans7.ltrans.o
                0x0000e5bc                jswrap_array_fill
 .text._jswrap_array_reverse_block
                0x0000e764      0x174 C:\Users\apsyvert\AppData\Local\Temp\cc8fH946.ltrans7.ltrans.o
                0x0000e764                _jswrap_array_reverse_block
 .text.EMU_EnterEM2
                0x0000e8d8       0x9c C:\Users\apsyvert\AppData\Local\Temp\cc8fH946.ltrans8.ltrans.o
                0x0000e8d8                EMU_EnterEM2
 .text.EMU_UpdateOscConfig
                0x0000e974       0x1c C:\Users\apsyvert\AppData\Local\Temp\cc8fH946.ltrans8.ltrans.o
                0x0000e974                EMU_UpdateOscConfig
 .text.INT_Disable.12064.4540
                0x0000e990       0x2c C:\Users\apsyvert\AppData\Local\Temp\cc8fH946.ltrans8.ltrans.o
 .text.INT_Enable.12068.4538
                0x0000e9bc       0x3c C:\Users\apsyvert\AppData\Local\Temp\cc8fH946.ltrans8.ltrans.o
 .text.MSC_Init
                0x0000e9f8       0xbc C:\Users\apsyvert\AppData\Local\Temp\cc8fH946.ltrans8.ltrans.o
                0x0000e9f8                MSC_Init
 .text.MSC_Deinit
                0x0000eab4       0x24 C:\Users\apsyvert\AppData\Local\Temp\cc8fH946.ltrans8.ltrans.o
                0x0000eab4                MSC_Deinit
 .text.BUS_RegBitWrite.12160.4483
                0x0000ead8       0x2c C:\Users\apsyvert\AppData\Local\Temp\cc8fH946.ltrans8.ltrans.o
 .text.RTC_CompareGet.4480
                0x0000eb04       0x3c C:\Users\apsyvert\AppData\Local\Temp\cc8fH946.ltrans8.ltrans.o
 .text.RTC_CompareSet
                0x0000eb40       0x48 C:\Users\apsyvert\AppData\Local\Temp\cc8fH946.ltrans8.ltrans.o
                0x0000eb40                RTC_CompareSet
 .text.RTC_Enable.4473
                0x0000eb88       0x20 C:\Users\apsyvert\AppData\Local\Temp\cc8fH946.ltrans8.ltrans.o
 .text.RTC_Init.4462
                0x0000eba8       0x50 C:\Users\apsyvert\AppData\Local\Temp\cc8fH946.ltrans8.ltrans.o
 .text.RTC_CounterReset.4457
                0x0000ebf8       0x14 C:\Users\apsyvert\AppData\Local\Temp\cc8fH946.ltrans8.ltrans.o
 .text.SYSTEM_ChipRevisionGet
                0x0000ec0c       0x74 C:\Users\apsyvert\AppData\Local\Temp\cc8fH946.ltrans8.ltrans.o
                0x0000ec0c                SYSTEM_ChipRevisionGet
 .text.TIMER_Init
                0x0000ec80      0x108 C:\Users\apsyvert\AppData\Local\Temp\cc8fH946.ltrans8.ltrans.o
                0x0000ec80                TIMER_Init
 .text.TIMER_InitCC
                0x0000ed88       0xc8 C:\Users\apsyvert\AppData\Local\Temp\cc8fH946.ltrans8.ltrans.o
                0x0000ed88                TIMER_InitCC
 .text.USART_BaudrateAsyncSet.4310
                0x0000ee50       0xb0 C:\Users\apsyvert\AppData\Local\Temp\cc8fH946.ltrans8.ltrans.o
 .text.USART_Enable
                0x0000ef00       0x6c C:\Users\apsyvert\AppData\Local\Temp\cc8fH946.ltrans8.ltrans.o
                0x0000ef00                USART_Enable
 .text.USART_InitAsync
                0x0000ef6c       0xb0 C:\Users\apsyvert\AppData\Local\Temp\cc8fH946.ltrans8.ltrans.o
                0x0000ef6c                USART_InitAsync
 .text.USART_Reset.4200
                0x0000f01c       0xac C:\Users\apsyvert\AppData\Local\Temp\cc8fH946.ltrans8.ltrans.o
 .text.USART_Rx
                0x0000f0c8       0x28 C:\Users\apsyvert\AppData\Local\Temp\cc8fH946.ltrans8.ltrans.o
                0x0000f0c8                USART_Rx
 .text.USART_Tx
                0x0000f0f0       0x28 C:\Users\apsyvert\AppData\Local\Temp\cc8fH946.ltrans8.ltrans.o
                0x0000f0f0                USART_Tx
 .text.NVIC_EnableIRQ.12579.4136
                0x0000f118       0x30 C:\Users\apsyvert\AppData\Local\Temp\cc8fH946.ltrans8.ltrans.o
 .text.NVIC_ClearPendingIRQ.12585.4133
                0x0000f148       0x34 C:\Users\apsyvert\AppData\Local\Temp\cc8fH946.ltrans8.ltrans.o
 .text.GPIO_IntClear.12588.4130
                0x0000f17c       0x20 C:\Users\apsyvert\AppData\Local\Temp\cc8fH946.ltrans8.ltrans.o
 .text.GPIO_IntGetEnabled.12592.4128
                0x0000f19c       0x28 C:\Users\apsyvert\AppData\Local\Temp\cc8fH946.ltrans8.ltrans.o
 .text.INT_Disable.12594.4126
                0x0000f1c4       0x2c C:\Users\apsyvert\AppData\Local\Temp\cc8fH946.ltrans8.ltrans.o
 .text.INT_Enable.12596.4124
                0x0000f1f0       0x3c C:\Users\apsyvert\AppData\Local\Temp\cc8fH946.ltrans8.ltrans.o
 .text.EFM32_CTZ.12598.4121
                0x0000f22c       0x30 C:\Users\apsyvert\AppData\Local\Temp\cc8fH946.ltrans8.ltrans.o
 .text.GPIOINT_Init
                0x0000f25c       0x20 C:\Users\apsyvert\AppData\Local\Temp\cc8fH946.ltrans8.ltrans.o
                0x0000f25c                GPIOINT_Init
 .text.GPIOINT_CallbackRegister
                0x0000f27c       0x28 C:\Users\apsyvert\AppData\Local\Temp\cc8fH946.ltrans8.ltrans.o
                0x0000f27c                GPIOINT_CallbackRegister
 .text.GPIOINT_IRQDispatcher.12609.4109
                0x0000f2a4       0x4c C:\Users\apsyvert\AppData\Local\Temp\cc8fH946.ltrans8.ltrans.o
 .text.GPIO_EVEN_IRQHandler
                0x0000f2f0       0x28 C:\Users\apsyvert\AppData\Local\Temp\cc8fH946.ltrans8.ltrans.o
                0x0000f2f0                GPIO_EVEN_IRQHandler
 .text.GPIO_ODD_IRQHandler
                0x0000f318       0x28 C:\Users\apsyvert\AppData\Local\Temp\cc8fH946.ltrans8.ltrans.o
                0x0000f318                GPIO_ODD_IRQHandler
 .text.NVIC_EnableIRQ.12681.4101
                0x0000f340       0x30 C:\Users\apsyvert\AppData\Local\Temp\cc8fH946.ltrans8.ltrans.o
 .text.NVIC_ClearPendingIRQ.12690.4093
                0x0000f370       0x34 C:\Users\apsyvert\AppData\Local\Temp\cc8fH946.ltrans8.ltrans.o
 .text.INT_Disable.12693.4091
                0x0000f3a4       0x2c C:\Users\apsyvert\AppData\Local\Temp\cc8fH946.ltrans8.ltrans.o
 .text.INT_Enable.12696.4089
                0x0000f3d0       0x3c C:\Users\apsyvert\AppData\Local\Temp\cc8fH946.ltrans8.ltrans.o
 .text.RTC_CounterGet.12698
                0x0000f40c       0x18 C:\Users\apsyvert\AppData\Local\Temp\cc8fH946.ltrans8.ltrans.o
                0x0000f40c                RTC_CounterGet.12698
 .text.RTC_IntClear.12700
                0x0000f424       0x1c C:\Users\apsyvert\AppData\Local\Temp\cc8fH946.ltrans8.ltrans.o
                0x0000f424                RTC_IntClear.12700
 .text.RTC_IntDisable.12703.4081
                0x0000f440       0x24 C:\Users\apsyvert\AppData\Local\Temp\cc8fH946.ltrans8.ltrans.o
 .text.RTC_IntEnable.12706
                0x0000f464       0x24 C:\Users\apsyvert\AppData\Local\Temp\cc8fH946.ltrans8.ltrans.o
                0x0000f464                RTC_IntEnable.12706
 .text.RTC_IntGet.12709.4076
                0x0000f488       0x18 C:\Users\apsyvert\AppData\Local\Temp\cc8fH946.ltrans8.ltrans.o
 .text.RTCDRV_AllocateTimer
                0x0000f4a0       0x88 C:\Users\apsyvert\AppData\Local\Temp\cc8fH946.ltrans8.ltrans.o
                0x0000f4a0                RTCDRV_AllocateTimer
 .text.RTCDRV_Init
                0x0000f528       0xb8 C:\Users\apsyvert\AppData\Local\Temp\cc8fH946.ltrans8.ltrans.o
                0x0000f528                RTCDRV_Init
 .text.RTCDRV_StartTimer
                0x0000f5e0      0x314 C:\Users\apsyvert\AppData\Local\Temp\cc8fH946.ltrans8.ltrans.o
                0x0000f5e0                RTCDRV_StartTimer
 .text.RTCDRV_GetWallClock
                0x0000f8f4       0x40 C:\Users\apsyvert\AppData\Local\Temp\cc8fH946.ltrans8.ltrans.o
                0x0000f8f4                RTCDRV_GetWallClock
 .text.RTCDRV_GetWallClockTicks32.4036
                0x0000f934       0x30 C:\Users\apsyvert\AppData\Local\Temp\cc8fH946.ltrans8.ltrans.o
 .text.RTCDRV_SetWallClock
                0x0000f964       0x4c C:\Users\apsyvert\AppData\Local\Temp\cc8fH946.ltrans8.ltrans.o
                0x0000f964                RTCDRV_SetWallClock
 .text.RTC_IRQHandler
                0x0000f9b0       0xc4 C:\Users\apsyvert\AppData\Local\Temp\cc8fH946.ltrans8.ltrans.o
                0x0000f9b0                RTC_IRQHandler
 .text.jshPinWatch
                0x0000fa74       0xe0 C:\Users\apsyvert\AppData\Local\Temp\cc8fH946.ltrans9.ltrans.o
                0x0000fa74                jshPinWatch
 .text.jshGetWatchedPinState
                0x0000fb54       0x6c C:\Users\apsyvert\AppData\Local\Temp\cc8fH946.ltrans9.ltrans.o
                0x0000fb54                jshGetWatchedPinState
 .text.jshIsEventForPin
                0x0000fbc0       0x30 C:\Users\apsyvert\AppData\Local\Temp\cc8fH946.ltrans9.ltrans.o
                0x0000fbc0                jshIsEventForPin
 .text.jshGetCurrentPinFunction
                0x0000fbf0       0x18 C:\Users\apsyvert\AppData\Local\Temp\cc8fH946.ltrans9.ltrans.o
                0x0000fbf0                jshGetCurrentPinFunction
 .text.jshSetOutputValue
                0x0000fc08       0x18 C:\Users\apsyvert\AppData\Local\Temp\cc8fH946.ltrans9.ltrans.o
                0x0000fc08                jshSetOutputValue
 .text.jshEnableWatchDog
                0x0000fc20       0x14 C:\Users\apsyvert\AppData\Local\Temp\cc8fH946.ltrans9.ltrans.o
                0x0000fc20                jshEnableWatchDog
 .text.jshIsDeviceInitialised
                0x0000fc34       0x18 C:\Users\apsyvert\AppData\Local\Temp\cc8fH946.ltrans9.ltrans.o
                0x0000fc34                jshIsDeviceInitialised
 .text.jshUSARTSetup
                0x0000fc4c      0x1d4 C:\Users\apsyvert\AppData\Local\Temp\cc8fH946.ltrans9.ltrans.o
                0x0000fc4c                jshUSARTSetup
 .text.jshUSARTKick
                0x0000fe20       0xa0 C:\Users\apsyvert\AppData\Local\Temp\cc8fH946.ltrans9.ltrans.o
                0x0000fe20                jshUSARTKick
 .text.jshSPISetup
                0x0000fec0       0x18 C:\Users\apsyvert\AppData\Local\Temp\cc8fH946.ltrans9.ltrans.o
                0x0000fec0                jshSPISetup
 .text.jshSPISend
                0x0000fed8       0x1c C:\Users\apsyvert\AppData\Local\Temp\cc8fH946.ltrans9.ltrans.o
                0x0000fed8                jshSPISend
 .text.jshSPISend16
                0x0000fef4       0x18 C:\Users\apsyvert\AppData\Local\Temp\cc8fH946.ltrans9.ltrans.o
                0x0000fef4                jshSPISend16
 .text.jshSPISet16
                0x0000ff0c       0x18 C:\Users\apsyvert\AppData\Local\Temp\cc8fH946.ltrans9.ltrans.o
                0x0000ff0c                jshSPISet16
 .text.jshSPISetReceive
                0x0000ff24       0x18 C:\Users\apsyvert\AppData\Local\Temp\cc8fH946.ltrans9.ltrans.o
                0x0000ff24                jshSPISetReceive
 .text.jshSPIWait
                0x0000ff3c       0x14 C:\Users\apsyvert\AppData\Local\Temp\cc8fH946.ltrans9.ltrans.o
                0x0000ff3c                jshSPIWait
 .text.jshI2CSetup
                0x0000ff50       0x18 C:\Users\apsyvert\AppData\Local\Temp\cc8fH946.ltrans9.ltrans.o
                0x0000ff50                jshI2CSetup
 .text.jshI2CWrite
                0x0000ff68       0x1c C:\Users\apsyvert\AppData\Local\Temp\cc8fH946.ltrans9.ltrans.o
                0x0000ff68                jshI2CWrite
 .text.jshI2CRead
                0x0000ff84       0x1c C:\Users\apsyvert\AppData\Local\Temp\cc8fH946.ltrans9.ltrans.o
                0x0000ff84                jshI2CRead
 .text.jshFlashGetPage
                0x0000ffa0       0x48 C:\Users\apsyvert\AppData\Local\Temp\cc8fH946.ltrans9.ltrans.o
                0x0000ffa0                jshFlashGetPage
 .text.jshFlashErasePage
                0x0000ffe8       0x40 C:\Users\apsyvert\AppData\Local\Temp\cc8fH946.ltrans9.ltrans.o
                0x0000ffe8                jshFlashErasePage
 .text.jshFlashRead
                0x00010028       0x20 C:\Users\apsyvert\AppData\Local\Temp\cc8fH946.ltrans9.ltrans.o
                0x00010028                jshFlashRead
 .text.jshFlashWrite
                0x00010048       0x40 C:\Users\apsyvert\AppData\Local\Temp\cc8fH946.ltrans9.ltrans.o
                0x00010048                jshFlashWrite
 .text.jshSleep
                0x00010088      0x168 C:\Users\apsyvert\AppData\Local\Temp\cc8fH946.ltrans9.ltrans.o
                0x00010088                jshSleep
 .text.jshUtilTimerReschedule
                0x000101f0       0x90 C:\Users\apsyvert\AppData\Local\Temp\cc8fH946.ltrans9.ltrans.o
                0x000101f0                jshUtilTimerReschedule
 .text.jshUtilTimerStart
                0x00010280       0x2c C:\Users\apsyvert\AppData\Local\Temp\cc8fH946.ltrans9.ltrans.o
                0x00010280                jshUtilTimerStart
 .text.jshUtilTimerDisable
                0x000102ac       0x14 C:\Users\apsyvert\AppData\Local\Temp\cc8fH946.ltrans9.ltrans.o
                0x000102ac                jshUtilTimerDisable
 .text.jshReadTemperature
                0x000102c0       0x18 C:\Users\apsyvert\AppData\Local\Temp\cc8fH946.ltrans9.ltrans.o